Archive member included because of file (symbol)

G:/WorK/Synesthesia/github/synesthesia_zen/wxp/dgn/sw/limbus_bsp/\libchibios_v240_bsp.a(chthreads.o)
                              obj/default/ledos/graphics/graphics.o (chThdSleep)
G:/WorK/Synesthesia/github/synesthesia_zen/wxp/dgn/sw/limbus_bsp/\libchibios_v240_bsp.a(chvt.o)
                              G:/WorK/Synesthesia/github/synesthesia_zen/wxp/dgn/sw/limbus_bsp/\libchibios_v240_bsp.a(chthreads.o) (vtlist)
G:/WorK/Synesthesia/github/synesthesia_zen/wxp/dgn/sw/limbus_bsp/\libchibios_v240_bsp.a(chcoreasm.o)
                              G:/WorK/Synesthesia/github/synesthesia_zen/wxp/dgn/sw/limbus_bsp/\libchibios_v240_bsp.a(chthreads.o) (_port_thread_start)
G:/WorK/Synesthesia/github/synesthesia_zen/wxp/dgn/sw/limbus_bsp/\libchibios_v240_bsp.a(alt_load.o)
                              G:/WorK/Synesthesia/github/synesthesia_zen/wxp/dgn/sw/limbus_bsp//obj/HAL/src/crt0.o (alt_load)
G:/WorK/Synesthesia/github/synesthesia_zen/wxp/dgn/sw/limbus_bsp/\libchibios_v240_bsp.a(alt_main.o)
                              G:/WorK/Synesthesia/github/synesthesia_zen/wxp/dgn/sw/limbus_bsp//obj/HAL/src/crt0.o (alt_main)
G:/WorK/Synesthesia/github/synesthesia_zen/wxp/dgn/sw/limbus_bsp/\libchibios_v240_bsp.a(alt_printf.o)
                              obj/default/main.o (alt_printf)
G:/WorK/Synesthesia/github/synesthesia_zen/wxp/dgn/sw/limbus_bsp/\libchibios_v240_bsp.a(alt_putchar.o)
                              G:/WorK/Synesthesia/github/synesthesia_zen/wxp/dgn/sw/limbus_bsp/\libchibios_v240_bsp.a(alt_printf.o) (alt_putchar)
G:/WorK/Synesthesia/github/synesthesia_zen/wxp/dgn/sw/limbus_bsp/\libchibios_v240_bsp.a(alt_putstr.o)
                              obj/default/main.o (alt_putstr)
G:/WorK/Synesthesia/github/synesthesia_zen/wxp/dgn/sw/limbus_bsp/\libchibios_v240_bsp.a(alt_sys_init.o)
                              G:/WorK/Synesthesia/github/synesthesia_zen/wxp/dgn/sw/limbus_bsp/\libchibios_v240_bsp.a(alt_main.o) (alt_irq_init)
G:/WorK/Synesthesia/github/synesthesia_zen/wxp/dgn/sw/limbus_bsp/\libchibios_v240_bsp.a(altera_avalon_jtag_uart_fd.o)
                              G:/WorK/Synesthesia/github/synesthesia_zen/wxp/dgn/sw/limbus_bsp/\libchibios_v240_bsp.a(alt_sys_init.o) (altera_avalon_jtag_uart_read_fd)
G:/WorK/Synesthesia/github/synesthesia_zen/wxp/dgn/sw/limbus_bsp/\libchibios_v240_bsp.a(altera_avalon_jtag_uart_init.o)
                              G:/WorK/Synesthesia/github/synesthesia_zen/wxp/dgn/sw/limbus_bsp/\libchibios_v240_bsp.a(alt_sys_init.o) (altera_avalon_jtag_uart_init)
G:/WorK/Synesthesia/github/synesthesia_zen/wxp/dgn/sw/limbus_bsp/\libchibios_v240_bsp.a(altera_avalon_jtag_uart_ioctl.o)
                              G:/WorK/Synesthesia/github/synesthesia_zen/wxp/dgn/sw/limbus_bsp/\libchibios_v240_bsp.a(altera_avalon_jtag_uart_fd.o) (altera_avalon_jtag_uart_ioctl)
G:/WorK/Synesthesia/github/synesthesia_zen/wxp/dgn/sw/limbus_bsp/\libchibios_v240_bsp.a(altera_avalon_jtag_uart_read.o)
                              G:/WorK/Synesthesia/github/synesthesia_zen/wxp/dgn/sw/limbus_bsp/\libchibios_v240_bsp.a(altera_avalon_jtag_uart_fd.o) (altera_avalon_jtag_uart_read)
G:/WorK/Synesthesia/github/synesthesia_zen/wxp/dgn/sw/limbus_bsp/\libchibios_v240_bsp.a(altera_avalon_jtag_uart_write.o)
                              G:/WorK/Synesthesia/github/synesthesia_zen/wxp/dgn/sw/limbus_bsp/\libchibios_v240_bsp.a(altera_avalon_jtag_uart_fd.o) (altera_avalon_jtag_uart_write)
G:/WorK/Synesthesia/github/synesthesia_zen/wxp/dgn/sw/limbus_bsp/\libchibios_v240_bsp.a(altera_avalon_timer_sc.o)
                              G:/WorK/Synesthesia/github/synesthesia_zen/wxp/dgn/sw/limbus_bsp/\libchibios_v240_bsp.a(alt_sys_init.o) (alt_avalon_timer_sc_init)
G:/WorK/Synesthesia/github/synesthesia_zen/wxp/dgn/sw/limbus_bsp/\libchibios_v240_bsp.a(altera_avalon_uart_fd.o)
                              G:/WorK/Synesthesia/github/synesthesia_zen/wxp/dgn/sw/limbus_bsp/\libchibios_v240_bsp.a(alt_sys_init.o) (altera_avalon_uart_read_fd)
G:/WorK/Synesthesia/github/synesthesia_zen/wxp/dgn/sw/limbus_bsp/\libchibios_v240_bsp.a(altera_avalon_uart_init.o)
                              G:/WorK/Synesthesia/github/synesthesia_zen/wxp/dgn/sw/limbus_bsp/\libchibios_v240_bsp.a(alt_sys_init.o) (altera_avalon_uart_init)
G:/WorK/Synesthesia/github/synesthesia_zen/wxp/dgn/sw/limbus_bsp/\libchibios_v240_bsp.a(altera_avalon_uart_read.o)
                              G:/WorK/Synesthesia/github/synesthesia_zen/wxp/dgn/sw/limbus_bsp/\libchibios_v240_bsp.a(altera_avalon_uart_fd.o) (altera_avalon_uart_read)
G:/WorK/Synesthesia/github/synesthesia_zen/wxp/dgn/sw/limbus_bsp/\libchibios_v240_bsp.a(altera_avalon_uart_write.o)
                              G:/WorK/Synesthesia/github/synesthesia_zen/wxp/dgn/sw/limbus_bsp/\libchibios_v240_bsp.a(altera_avalon_uart_fd.o) (altera_avalon_uart_write)
G:/WorK/Synesthesia/github/synesthesia_zen/wxp/dgn/sw/limbus_bsp/\libchibios_v240_bsp.a(chdynamic.o)
[...]
Memory Configuration

Name             Origin             Length             Attributes
reset            0x01800000         0x00000020
sdram            0x01800020         0x007fffe0
*default*        0x00000000         0xffffffff

Linker script and memory map

LOAD G:/WorK/Synesthesia/github/synesthesia_zen/wxp/dgn/sw/limbus_bsp//obj/HAL/src/crt0.o
LOAD obj/default/ledos/cortex/vcortex/gpu/gpu.o
LOAD obj/default/ledos/cortex/vcortex/vga/vga.o
LOAD obj/default/ledos/graphics/graphics.o
LOAD obj/default/main.o
LOAD c:/altera/11.1sp2/nios2eds/bin/gnu/h-i686-mingw32/bin/../lib/gcc/nios2-elf/4.1.2/../../../../nios2-elf/lib/mno-hw-mul\libstdc++.a
LOAD c:/altera/11.1sp2/nios2eds/bin/gnu/h-i686-mingw32/bin/../lib/gcc/nios2-elf/4.1.2/../../../../nios2-elf/lib/mno-hw-mul\libm.a
LOAD c:/altera/11.1sp2/nios2eds/bin/gnu/h-i686-mingw32/bin/../lib/gcc/nios2-elf/4.1.2/mno-hw-mul\libgcc.a
START GROUP
LOAD c:/altera/11.1sp2/nios2eds/bin/gnu/h-i686-mingw32/bin/../lib/gcc/nios2-elf/4.1.2/../../../../nios2-elf/lib/mno-hw-mul\libc.a
LOAD c:/altera/11.1sp2/nios2eds/bin/gnu/h-i686-mingw32/bin/../lib/gcc/nios2-elf/4.1.2/mno-hw-mul\libgcc.a
LOAD G:/WorK/Synesthesia/github/synesthesia_zen/wxp/dgn/sw/limbus_bsp/\libchibios_v240_bsp.a
END GROUP
LOAD c:/altera/11.1sp2/nios2eds/bin/gnu/h-i686-mingw32/bin/../lib/gcc/nios2-elf/4.1.2/mno-hw-mul\libgcc.a
                0x01800000                __alt_mem_sdram = 0x1800000

.entry          0x01800000       0x20
 *(.entry)
 .entry         0x01800000       0x20 G:/WorK/Synesthesia/github/synesthesia_zen/wxp/dgn/sw/limbus_bsp//obj/HAL/src/crt0.o
                0x01800000                __reset

.exceptions     0x01800020      0x1a4
                0x01800020                PROVIDE (__ram_exceptions_start, ABSOLUTE (.))
                0x01800020                . = ALIGN (0x20)
 *(.irq)
 *(.exceptions.entry.label)
 .exceptions.entry.label
                0x01800020        0x0 G:/WorK/Synesthesia/github/synesthesia_zen/wxp/dgn/sw/limbus_bsp/\libchibios_v240_bsp.a(alt_irq_entry.o)
                0x01800020                alt_irq_entry
 .exceptions.entry.label
                0x01800020        0x0 G:/WorK/Synesthesia/github/synesthesia_zen/wxp/dgn/sw/limbus_bsp/\libchibios_v240_bsp.a(alt_exception_entry.o)
                0x01800020                alt_exception
 *(.exceptions.entry.user)
 *(.exceptions.entry)
 .exceptions.entry
                0x01800020       0x54 G:/WorK/Synesthesia/github/synesthesia_zen/wxp/dgn/sw/limbus_bsp/\libchibios_v240_bsp.a(alt_exception_entry.o)
 *(.exceptions.irqtest.user)
 *(.exceptions.irqtest)
 .exceptions.irqtest
                0x01800074       0x10 G:/WorK/Synesthesia/github/synesthesia_zen/wxp/dgn/sw/limbus_bsp/\libchibios_v240_bsp.a(alt_irq_entry.o)
 *(.exceptions.irqhandler.user)
 *(.exceptions.irqhandler)
 .exceptions.irqhandler
                0x01800084        0x4 G:/WorK/Synesthesia/github/synesthesia_zen/wxp/dgn/sw/limbus_bsp/\libchibios_v240_bsp.a(alt_irq_entry.o)
 *(.exceptions.irqreturn.user)
 *(.exceptions.irqreturn)
 .exceptions.irqreturn
                0x01800088        0x4 G:/WorK/Synesthesia/github/synesthesia_zen/wxp/dgn/sw/limbus_bsp/\libchibios_v240_bsp.a(alt_irq_entry.o)
 *(.exceptions.notirq.label)
 .exceptions.notirq.label
                0x0180008c        0x0 G:/WorK/Synesthesia/github/synesthesia_zen/wxp/dgn/sw/limbus_bsp/\libchibios_v240_bsp.a(alt_irq_entry.o)
 *(.exceptions.notirq.user)
 *(.exceptions.notirq)
 .exceptions.notirq
                0x0180008c        0x8 G:/WorK/Synesthesia/github/synesthesia_zen/wxp/dgn/sw/limbus_bsp/\libchibios_v240_bsp.a(alt_exception_entry.o)
 *(.exceptions.soft.user)
 *(.exceptions.soft)
 *(.exceptions.unknown.user)
 *(.exceptions.unknown)
 .exceptions.unknown
                0x01800094        0x4 G:/WorK/Synesthesia/github/synesthesia_zen/wxp/dgn/sw/limbus_bsp/\libchibios_v240_bsp.a(alt_exception_entry.o)
 *(.exceptions.exit.label)
 .exceptions.exit.label
                0x01800098        0x0 G:/WorK/Synesthesia/github/synesthesia_zen/wxp/dgn/sw/limbus_bsp/\libchibios_v240_bsp.a(alt_irq_entry.o)
 .exceptions.exit.label
                0x01800098        0x0 G:/WorK/Synesthesia/github/synesthesia_zen/wxp/dgn/sw/limbus_bsp/\libchibios_v240_bsp.a(alt_exception_entry.o)
 *(.exceptions.exit.user)
 *(.exceptions.exit)
 .exceptions.exit
                0x01800098       0x54 G:/WorK/Synesthesia/github/synesthesia_zen/wxp/dgn/sw/limbus_bsp/\libchibios_v240_bsp.a(alt_exception_entry.o)
 *(.exceptions)
 .exceptions    0x018000ec       0xd8 G:/WorK/Synesthesia/github/synesthesia_zen/wxp/dgn/sw/limbus_bsp/\libchibios_v240_bsp.a(alt_irq_handler.o)
                0x018000ec                alt_irq_handler
                0x018001c4                PROVIDE (__ram_exceptions_end, ABSOLUTE (.))
                0x01800020                PROVIDE (__flash_exceptions_start, LOADADDR (.exceptions))

.text           0x018001c4     0x91e8
                0x018001c4                PROVIDE (stext, ABSOLUTE (.))
 *(.interp)
 *(.hash)
 *(.dynsym)
 *(.dynstr)
 *(.gnu.version)
 *(.gnu.version_d)
 *(.gnu.version_r)
 *(.rel.init)
 *(.rela.init)
 *(.rel.text .rel.text.* .rel.gnu.linkonce.t.*)
 *(.rela.text .rela.text.* .rela.gnu.linkonce.t.*)
 *(.rel.fini)
 *(.rela.fini)
 *(.rel.rodata .rel.rodata.* .rel.gnu.linkonce.r.*)
 *(.rela.rodata .rela.rodata.* .rela.gnu.linkonce.r.*)
 *(.rel.data .rel.data.* .rel.gnu.linkonce.d.*)
 *(.rela.data .rela.data.* .rela.gnu.linkonce.d.*)
 *(.rel.tdata .rel.tdata.* .rel.gnu.linkonce.td.*)
 *(.rela.tdata .rela.tdata.* .rela.gnu.linkonce.td.*)
 *(.rel.tbss .rel.tbss.* .rel.gnu.linkonce.tb.*)
 *(.rela.tbss .rela.tbss.* .rela.gnu.linkonce.tb.*)
 *(.rel.ctors)
 *(.rela.ctors)
 *(.rel.dtors)
 *(.rela.dtors)
 *(.rel.got)
 *(.rela.got)
 *(.rel.sdata .rel.sdata.* .rel.gnu.linkonce.s.*)
 *(.rela.sdata .rela.sdata.* .rela.gnu.linkonce.s.*)
 *(.rel.sbss .rel.sbss.* .rel.gnu.linkonce.sb.*)
 *(.rela.sbss .rela.sbss.* .rela.gnu.linkonce.sb.*)
 *(.rel.sdata2 .rel.sdata2.* .rel.gnu.linkonce.s2.*)
 *(.rela.sdata2 .rela.sdata2.* .rela.gnu.linkonce.s2.*)
 *(.rel.sbss2 .rel.sbss2.* .rel.gnu.linkonce.sb2.*)
 *(.rela.sbss2 .rela.sbss2.* .rela.gnu.linkonce.sb2.*)
 *(.rel.bss .rel.bss.* .rel.gnu.linkonce.b.*)
 *(.rela.bss .rela.bss.* .rela.gnu.linkonce.b.*)
 *(.rel.plt)
 *(.rela.plt)
 *(.rel.dyn)
 *(.init)
 *(.plt)
 *(.text .stub .text.* .gnu.linkonce.t.*)
 .text          0x018001c4       0x3c G:/WorK/Synesthesia/github/synesthesia_zen/wxp/dgn/sw/limbus_bsp//obj/HAL/src/crt0.o
                0x018001c4                _start
 .text          0x01800200        0x0 obj/default/ledos/cortex/vcortex/gpu/gpu.o
 .text          0x01800200       0x60 obj/default/ledos/cortex/vcortex/vga/vga.o
                0x01800200                set_vga_mode
                0x0180022c                vga_disable
                0x01800248                vga_en
 .text          0x01800260      0x588 obj/default/ledos/graphics/graphics.o
                0x01800260                gpu_hst_acc
                0x018003c8                gpu_fill
                0x01800514                gpu_draw_bezier
                0x01800690                gpu_draw_line
                0x018007c8                disable_gpu
                0x018007d8                enable_gpu
 .text          0x018007e8      0x200 obj/default/main.o
                0x018007e8                main
 .text          0x018009e8      0x7e4 G:/WorK/Synesthesia/github/synesthesia_zen/wxp/dgn/sw/limbus_bsp/\libchibios_v240_bsp.a(chthreads.o)
                0x018009e8                _thread_init
                0x01800aec                chThdCreateI
                0x01800c44                chThdCreateStatic
                0x01800cd0                chThdSetPriority
                0x01800da0                chThdResume
                0x01800e00                chThdTerminate
                0x01800e60                chThdSleep
                0x01800ebc                chThdSleepUntil
                0x01800f3c                chThdYield
                0x01800fb0                chThdExit
                0x01800ff8                chThdExitS
                0x018010f0                chThdWait
 .text          0x018011cc      0x2a8 G:/WorK/Synesthesia/github/synesthesia_zen/wxp/dgn/sw/limbus_bsp/\libchibios_v240_bsp.a(chvt.o)
                0x018011cc                _vt_init
                0x01801230                chVTSetI
                0x01801344                chVTResetI
                0x018013cc                chTimeIsWithin
 .text          0x01801474       0x8c G:/WorK/Synesthesia/github/synesthesia_zen/wxp/dgn/sw/limbus_bsp/\libchibios_v240_bsp.a(chcoreasm.o)
                0x01801474                _port_thread_start
                0x01801488                port_switch
 .text          0x01801500       0xec G:/WorK/Synesthesia/github/synesthesia_zen/wxp/dgn/sw/limbus_bsp/\libchibios_v240_bsp.a(alt_load.o)
                0x01801500                alt_load
 .text          0x018015ec       0x88 G:/WorK/Synesthesia/github/synesthesia_zen/wxp/dgn/sw/limbus_bsp/\libchibios_v240_bsp.a(alt_main.o)
                0x018015ec                alt_main
 .text          0x01801674      0x258 G:/WorK/Synesthesia/github/synesthesia_zen/wxp/dgn/sw/limbus_bsp/\libchibios_v240_bsp.a(alt_printf.o)
                0x01801674                alt_printf
 .text          0x018018cc       0x40 G:/WorK/Synesthesia/github/synesthesia_zen/wxp/dgn/sw/limbus_bsp/\libchibios_v240_bsp.a(alt_putchar.o)
                0x018018cc                alt_putchar
 .text          0x0180190c       0x40 G:/WorK/Synesthesia/github/synesthesia_zen/wxp/dgn/sw/limbus_bsp/\libchibios_v240_bsp.a(alt_putstr.o)
                0x0180190c                alt_putstr
 .text          0x0180194c       0xe8 G:/WorK/Synesthesia/github/synesthesia_zen/wxp/dgn/sw/limbus_bsp/\libchibios_v240_bsp.a(alt_sys_init.o)
                0x0180194c                alt_irq_init
                0x01801980                alt_sys_init
 .text          0x01801a34      0x148 G:/WorK/Synesthesia/github/synesthesia_zen/wxp/dgn/sw/limbus_bsp/\libchibios_v240_bsp.a(altera_avalon_jtag_uart_fd.o)
                0x01801a34                altera_avalon_jtag_uart_read_fd
                0x01801a8c                altera_avalon_jtag_uart_write_fd
                0x01801ae4                altera_avalon_jtag_uart_close_fd
                0x01801b2c                altera_avalon_jtag_uart_ioctl_fd
 .text          0x01801b7c      0x40c G:/WorK/Synesthesia/github/synesthesia_zen/wxp/dgn/sw/limbus_bsp/\libchibios_v240_bsp.a(altera_avalon_jtag_uart_init.o)
                0x01801b7c                altera_avalon_jtag_uart_init
                0x01801f14                altera_avalon_jtag_uart_close
 .text          0x01801f88       0xf4 G:/WorK/Synesthesia/github/synesthesia_zen/wxp/dgn/sw/limbus_bsp/\libchibios_v240_bsp.a(altera_avalon_jtag_uart_ioctl.o)
                0x01801f88                altera_avalon_jtag_uart_ioctl
 .text          0x0180207c      0x224 G:/WorK/Synesthesia/github/synesthesia_zen/wxp/dgn/sw/limbus_bsp/\libchibios_v240_bsp.a(altera_avalon_jtag_uart_read.o)
                0x0180207c                altera_avalon_jtag_uart_read
 .text          0x018022a0      0x240 G:/WorK/Synesthesia/github/synesthesia_zen/wxp/dgn/sw/limbus_bsp/\libchibios_v240_bsp.a(altera_avalon_jtag_uart_write.o)
                0x018022a0                altera_avalon_jtag_uart_write
 .text          0x018024e0      0x100 G:/WorK/Synesthesia/github/synesthesia_zen/wxp/dgn/sw/limbus_bsp/\libchibios_v240_bsp.a(altera_avalon_timer_sc.o)
                0x01802550                alt_avalon_timer_sc_init
 .text          0x018025e0       0xf8 G:/WorK/Synesthesia/github/synesthesia_zen/wxp/dgn/sw/limbus_bsp/\libchibios_v240_bsp.a(altera_avalon_uart_fd.o)
                0x018025e0                altera_avalon_uart_read_fd
                0x01802638                altera_avalon_uart_write_fd
                0x01802690                altera_avalon_uart_close_fd
 .text          0x018026d8      0x400 G:/WorK/Synesthesia/github/synesthesia_zen/wxp/dgn/sw/limbus_bsp/\libchibios_v240_bsp.a(altera_avalon_uart_init.o)
                0x018026d8                altera_avalon_uart_init
                0x01802a78                altera_avalon_uart_close
 .text          0x01802ad8      0x290 G:/WorK/Synesthesia/github/synesthesia_zen/wxp/dgn/sw/limbus_bsp/\libchibios_v240_bsp.a(altera_avalon_uart_read.o)
                0x01802ad8                altera_avalon_uart_read
 .text          0x01802d68      0x228 G:/WorK/Synesthesia/github/synesthesia_zen/wxp/dgn/sw/limbus_bsp/\libchibios_v240_bsp.a(altera_avalon_uart_write.o)
                0x01802d68                altera_avalon_uart_write
 .text          0x01802f90      0x32c G:/WorK/Synesthesia/github/synesthesia_zen/wxp/dgn/sw/limbus_bsp/\libchibios_v240_bsp.a(chdynamic.o)
                0x01802f90                chThdAddRef
                0x01802ff4                chThdRelease
                0x01803128                chThdCreateFromHeap
                0x018031ec                chThdCreateFromMemoryPool
 .text          0x018032bc      0x4ec G:/WorK/Synesthesia/github/synesthesia_zen/wxp/dgn/sw/limbus_bsp/\libchibios_v240_bsp.a(chheap.o)
                0x018032bc                _heap_init
                0x01803318                chHeapInit
                0x018033a0                chHeapAlloc
                0x01803558                chHeapFree
                0x018036e0                chHeapStatus
 .text          0x018037a8      0x154 G:/WorK/Synesthesia/github/synesthesia_zen/wxp/dgn/sw/limbus_bsp/\libchibios_v240_bsp.a(chmemcore.o)
                0x018037a8                _core_init
                0x018037f4                chCoreAlloc
                0x01803854                chCoreAllocI
                0x018038d0                chCoreStatus
 .text          0x018038fc      0x204 G:/WorK/Synesthesia/github/synesthesia_zen/wxp/dgn/sw/limbus_bsp/\libchibios_v240_bsp.a(chmempools.o)
                0x018038fc                chPoolInit
                0x0180395c                chPoolAllocI
                0x018039e0                chPoolAlloc
                0x01803a40                chPoolFreeI
                0x01803aa0                chPoolFree
 .text          0x01803b00      0x788 G:/WorK/Synesthesia/github/synesthesia_zen/wxp/dgn/sw/limbus_bsp/\libchibios_v240_bsp.a(chmtx.o)
                0x01803b00                chMtxInit
                0x01803b48                chMtxLock
                0x01803ba0                chMtxLockS
                0x01803de4                chMtxTryLock
                0x01803e44                chMtxTryLockS
                0x01803ec8                chMtxUnlock
                0x01804064                chMtxUnlockS
                0x01804184                chMtxUnlockAll
 .text          0x01804288      0x5bc G:/WorK/Synesthesia/github/synesthesia_zen/wxp/dgn/sw/limbus_bsp/\libchibios_v240_bsp.a(chschd.o)
                0x01804288                _scheduler_init
                0x01804318                chSchReadyI
                0x018043c0                chSchGoSleepS
                0x018045ac                chSchGoSleepTimeoutS
                0x0180463c                chSchWakeupS
                0x018046e8                chSchRescheduleS
                0x01804734                chSchIsPreemptionRequired
                0x018047b4                chSchDoReschedule
 .text          0x01804844      0x20c G:/WorK/Synesthesia/github/synesthesia_zen/wxp/dgn/sw/limbus_bsp/\libchibios_v240_bsp.a(chsys.o)
                0x01804844                _idle_thread
                0x01804874                chSysInit
                0x01804924                chSysTimerHandlerI
 .text          0x01804a50      0x154 G:/WorK/Synesthesia/github/synesthesia_zen/wxp/dgn/sw/limbus_bsp/\libchibios_v240_bsp.a(alt_alarm_start.o)
                0x01804a50                alt_alarm_start
 .text          0x01804ba4      0x160 G:/WorK/Synesthesia/github/synesthesia_zen/wxp/dgn/sw/limbus_bsp/\libchibios_v240_bsp.a(alt_close.o)
                0x01804ba4                close
 .text          0x01804d04       0x1c G:/WorK/Synesthesia/github/synesthesia_zen/wxp/dgn/sw/limbus_bsp/\libchibios_v240_bsp.a(alt_dcache_flush_all.o)
                0x01804d04                alt_dcache_flush_all
 .text          0x01804d20       0x2c G:/WorK/Synesthesia/github/synesthesia_zen/wxp/dgn/sw/limbus_bsp/\libchibios_v240_bsp.a(alt_dev.o)
 .text          0x01804d4c      0x114 G:/WorK/Synesthesia/github/synesthesia_zen/wxp/dgn/sw/limbus_bsp/\libchibios_v240_bsp.a(alt_dev_llist_insert.o)
                0x01804d4c                alt_dev_llist_insert
 .text          0x01804e60       0x64 G:/WorK/Synesthesia/github/synesthesia_zen/wxp/dgn/sw/limbus_bsp/\libchibios_v240_bsp.a(alt_do_ctors.o)
                0x01804e60                _do_ctors
 .text          0x01804ec4       0x64 G:/WorK/Synesthesia/github/synesthesia_zen/wxp/dgn/sw/limbus_bsp/\libchibios_v240_bsp.a(alt_do_dtors.o)
                0x01804ec4                _do_dtors
 .text          0x01804f28        0x0 G:/WorK/Synesthesia/github/synesthesia_zen/wxp/dgn/sw/limbus_bsp/\libchibios_v240_bsp.a(alt_errno.o)
 .text          0x01804f28       0x1c G:/WorK/Synesthesia/github/synesthesia_zen/wxp/dgn/sw/limbus_bsp/\libchibios_v240_bsp.a(alt_icache_flush_all.o)
                0x01804f28                alt_icache_flush_all
 .text          0x01804f44      0x1d4 G:/WorK/Synesthesia/github/synesthesia_zen/wxp/dgn/sw/limbus_bsp/\libchibios_v240_bsp.a(alt_iic.o)
                0x01804f44                alt_ic_isr_register
                0x01804f94                alt_ic_irq_enable
                0x01805030                alt_ic_irq_disable
                0x018050d0                alt_ic_irq_enabled
 .text          0x01805118       0xf8 G:/WorK/Synesthesia/github/synesthesia_zen/wxp/dgn/sw/limbus_bsp/\libchibios_v240_bsp.a(alt_iic_isr_register.o)
                0x01805118                alt_iic_isr_register
 .text          0x01805210      0x150 G:/WorK/Synesthesia/github/synesthesia_zen/wxp/dgn/sw/limbus_bsp/\libchibios_v240_bsp.a(alt_io_redirect.o)
                0x018052e8                alt_io_redirect
 .text          0x01805360        0x0 G:/WorK/Synesthesia/github/synesthesia_zen/wxp/dgn/sw/limbus_bsp/\libchibios_v240_bsp.a(alt_irq_entry.o)
 .text          0x01805360        0x0 G:/WorK/Synesthesia/github/synesthesia_zen/wxp/dgn/sw/limbus_bsp/\libchibios_v240_bsp.a(alt_irq_handler.o)
 .text          0x01805360        0x0 G:/WorK/Synesthesia/github/synesthesia_zen/wxp/dgn/sw/limbus_bsp/\libchibios_v240_bsp.a(alt_irq_vars.o)
 .text          0x01805360      0x2e4 G:/WorK/Synesthesia/github/synesthesia_zen/wxp/dgn/sw/limbus_bsp/\libchibios_v240_bsp.a(alt_open.o)
                0x01805458                open
 .text          0x01805644       0x78 G:/WorK/Synesthesia/github/synesthesia_zen/wxp/dgn/sw/limbus_bsp/\libchibios_v240_bsp.a(alt_release_fd.o)
                0x01805644                alt_release_fd
 .text          0x018056bc      0x1a8 G:/WorK/Synesthesia/github/synesthesia_zen/wxp/dgn/sw/limbus_bsp/\libchibios_v240_bsp.a(alt_tick.o)
                0x018056bc                alt_alarm_stop
                0x01805754                alt_tick
 .text          0x01805864       0x20 G:/WorK/Synesthesia/github/synesthesia_zen/wxp/dgn/sw/limbus_bsp/\libchibios_v240_bsp.a(altera_nios2_qsys_irq.o)
                0x01805864                altera_nios2_qsys_irq_init
 .text          0x01805884       0x50 G:/WorK/Synesthesia/github/synesthesia_zen/wxp/dgn/sw/limbus_bsp/\libchibios_v240_bsp.a(chcore.o)
                0x01805884                port_halt
                0x018058ac                port_time_tick
 .text          0x018058d4        0x0 G:/WorK/Synesthesia/github/synesthesia_zen/wxp/dgn/sw/limbus_bsp/\libchibios_v240_bsp.a(alt_exception_entry.o)
 .text          0x018058d4       0x94 G:/WorK/Synesthesia/github/synesthesia_zen/wxp/dgn/sw/limbus_bsp/\libchibios_v240_bsp.a(alt_find_dev.o)
                0x018058d4                alt_find_dev
 .text          0x01805968      0x120 G:/WorK/Synesthesia/github/synesthesia_zen/wxp/dgn/sw/limbus_bsp/\libchibios_v240_bsp.a(alt_find_file.o)
                0x01805968                alt_find_file
 .text          0x01805a88       0xd0 G:/WorK/Synesthesia/github/synesthesia_zen/wxp/dgn/sw/limbus_bsp/\libchibios_v240_bsp.a(alt_get_fd.o)
                0x01805a88                alt_get_fd
 .text          0x01805b58       0x14 c:/altera/11.1sp2/nios2eds/bin/gnu/h-i686-mingw32/bin/../lib/gcc/nios2-elf/4.1.2/../../../../nios2-elf/lib/mno-hw-mul\libc.a(lib_a-atexit.o)
                0x01805b58                atexit
 .text          0x01805b6c       0x38 c:/altera/11.1sp2/nios2eds/bin/gnu/h-i686-mingw32/bin/../lib/gcc/nios2-elf/4.1.2/../../../../nios2-elf/lib/mno-hw-mul\libc.a(lib_a-exit.o)
                0x01805b6c                exit
 .text          0x01805ba4       0x90 c:/altera/11.1sp2/nios2eds/bin/gnu/h-i686-mingw32/bin/../lib/gcc/nios2-elf/4.1.2/../../../../nios2-elf/lib/mno-hw-mul\libc.a(lib_a-fputs.o)
                0x01805ba4                _fputs_r
                0x01805c18                fputs
 .text          0x01805c34      0x49c c:/altera/11.1sp2/nios2eds/bin/gnu/h-i686-mingw32/bin/../lib/gcc/nios2-elf/4.1.2/../../../../nios2-elf/lib/mno-hw-mul\libc.a(lib_a-fvwrite.o)
                0x01805c34                __sfvwrite_r
 .text          0x018060d0        0x0 c:/altera/11.1sp2/nios2eds/bin/gnu/h-i686-mingw32/bin/../lib/gcc/nios2-elf/4.1.2/../../../../nios2-elf/lib/mno-hw-mul\libc.a(lib_a-impure.o)
 .text          0x018060d0        0x0 c:/altera/11.1sp2/nios2eds/bin/gnu/h-i686-mingw32/bin/../lib/gcc/nios2-elf/4.1.2/../../../../nios2-elf/lib/mno-hw-mul\libc.a(lib_a-int_errno.o)
 .text          0x018060d0      0x740 c:/altera/11.1sp2/nios2eds/bin/gnu/h-i686-mingw32/bin/../lib/gcc/nios2-elf/4.1.2/../../../../nios2-elf/lib/mno-hw-mul\libc.a(lib_a-mallocr.o)
                0x018060d0                _malloc_r
 .text          0x01806810       0xe4 c:/altera/11.1sp2/nios2eds/bin/gnu/h-i686-mingw32/bin/../lib/gcc/nios2-elf/4.1.2/../../../../nios2-elf/lib/mno-hw-mul\libc.a(lib_a-memchr.o)
                0x01806810                memchr
 .text          0x018068f4       0x74 c:/altera/11.1sp2/nios2eds/bin/gnu/h-i686-mingw32/bin/../lib/gcc/nios2-elf/4.1.2/../../../../nios2-elf/lib/mno-hw-mul\libc.a(lib_a-memcmp.o)
                0x018068f4                memcmp
 .text          0x01806968       0xa0 c:/altera/11.1sp2/nios2eds/bin/gnu/h-i686-mingw32/bin/../lib/gcc/nios2-elf/4.1.2/../../../../nios2-elf/lib/mno-hw-mul\libc.a(lib_a-memcpy.o)
                0x01806968                memcpy
 .text          0x01806a08       0xe0 c:/altera/11.1sp2/nios2eds/bin/gnu/h-i686-mingw32/bin/../lib/gcc/nios2-elf/4.1.2/../../../../nios2-elf/lib/mno-hw-mul\libc.a(lib_a-memmove.o)
                0x01806a08                memmove
 .text          0x01806ae8      0x1ec c:/altera/11.1sp2/nios2eds/bin/gnu/h-i686-mingw32/bin/../lib/gcc/nios2-elf/4.1.2/../../../../nios2-elf/lib/mno-hw-mul\libc.a(lib_a-putc.o)
                0x01806ae8                putc
                0x01806bec                _putc_r
 .text          0x01806cd4      0x5f4 c:/altera/11.1sp2/nios2eds/bin/gnu/h-i686-mingw32/bin/../lib/gcc/nios2-elf/4.1.2/../../../../nios2-elf/lib/mno-hw-mul\libc.a(lib_a-reallocr.o)
                0x01806cd4                _realloc_r
 .text          0x018072c8       0x70 c:/altera/11.1sp2/nios2eds/bin/gnu/h-i686-mingw32/bin/../lib/gcc/nios2-elf/4.1.2/../../../../nios2-elf/lib/mno-hw-mul\libc.a(lib_a-sbrkr.o)
                0x018072c8                _sbrk_r
 .text          0x01807338       0x74 c:/altera/11.1sp2/nios2eds/bin/gnu/h-i686-mingw32/bin/../lib/gcc/nios2-elf/4.1.2/../../../../nios2-elf/lib/mno-hw-mul\libc.a(lib_a-strlen.o)
                0x01807338                strlen
 .text          0x018073ac      0x14c c:/altera/11.1sp2/nios2eds/bin/gnu/h-i686-mingw32/bin/../lib/gcc/nios2-elf/4.1.2/../../../../nios2-elf/lib/mno-hw-mul\libc.a(lib_a-wbuf.o)
                0x018073ac                __swbuf_r
                0x018074dc                __swbuf
 .text          0x018074f8      0x13c c:/altera/11.1sp2/nios2eds/bin/gnu/h-i686-mingw32/bin/../lib/gcc/nios2-elf/4.1.2/../../../../nios2-elf/lib/mno-hw-mul\libc.a(lib_a-wsetup.o)
                0x018074f8                __swsetup_r
 .text          0x01807634      0x134 c:/altera/11.1sp2/nios2eds/bin/gnu/h-i686-mingw32/bin/../lib/gcc/nios2-elf/4.1.2/../../../../nios2-elf/lib/mno-hw-mul\libc.a(lib_a-__atexit.o)
                0x01807634                __register_exitproc
 .text          0x01807768      0x1b4 c:/altera/11.1sp2/nios2eds/bin/gnu/h-i686-mingw32/bin/../lib/gcc/nios2-elf/4.1.2/../../../../nios2-elf/lib/mno-hw-mul\libc.a(lib_a-__call_atexit.o)
                0x0180776c                __call_exitprocs
 .text          0x0180791c      0x230 c:/altera/11.1sp2/nios2eds/bin/gnu/h-i686-mingw32/bin/../lib/gcc/nios2-elf/4.1.2/../../../../nios2-elf/lib/mno-hw-mul\libc.a(lib_a-fflush.o)
                0x0180791c                _fflush_r
                0x01807b18                fflush
 .text          0x01807b4c      0x2f4 c:/altera/11.1sp2/nios2eds/bin/gnu/h-i686-mingw32/bin/../lib/gcc/nios2-elf/4.1.2/../../../../nios2-elf/lib/mno-hw-mul\libc.a(lib_a-findfp.o)
                0x01807ba4                __sfp_lock_acquire
                0x01807ba8                __sfp_lock_release
                0x01807bac                __sinit_lock_acquire
                0x01807bb0                __sinit_lock_release
                0x01807bb4                __sinit
                0x01807c68                __fp_unlock_all
                0x01807c80                __fp_lock_all
                0x01807c98                _cleanup_r
                0x01807ca4                _cleanup
                0x01807cb4                __sfmoreglue
                0x01807d50                __sfp
 .text          0x01807e40      0x440 c:/altera/11.1sp2/nios2eds/bin/gnu/h-i686-mingw32/bin/../lib/gcc/nios2-elf/4.1.2/../../../../nios2-elf/lib/mno-hw-mul\libc.a(lib_a-freer.o)
                0x01807e40                _malloc_trim_r
                0x01807f6c                _free_r
 .text          0x01808280      0x180 c:/altera/11.1sp2/nios2eds/bin/gnu/h-i686-mingw32/bin/../lib/gcc/nios2-elf/4.1.2/../../../../nios2-elf/lib/mno-hw-mul\libc.a(lib_a-fwalk.o)
                0x01808280                _fwalk_reent
                0x01808348                _fwalk
 .text          0x01808400      0x194 c:/altera/11.1sp2/nios2eds/bin/gnu/h-i686-mingw32/bin/../lib/gcc/nios2-elf/4.1.2/../../../../nios2-elf/lib/mno-hw-mul\libc.a(lib_a-makebuf.o)
                0x01808400                __smakebuf_r
 .text          0x01808594       0x98 c:/altera/11.1sp2/nios2eds/bin/gnu/h-i686-mingw32/bin/../lib/gcc/nios2-elf/4.1.2/../../../../nios2-elf/lib/mno-hw-mul\libc.a(lib_a-memset.o)
                0x01808594                memset
 .text          0x0180862c      0x14c c:/altera/11.1sp2/nios2eds/bin/gnu/h-i686-mingw32/bin/../lib/gcc/nios2-elf/4.1.2/../../../../nios2-elf/lib/mno-hw-mul\libc.a(lib_a-stdio.o)
                0x0180862c                __sclose
                0x01808634                __sseek
                0x0180869c                __swrite
                0x01808718                __sread
 .text          0x01808778       0x78 c:/altera/11.1sp2/nios2eds/bin/gnu/h-i686-mingw32/bin/../lib/gcc/nios2-elf/4.1.2/../../../../nios2-elf/lib/mno-hw-mul\libc.a(lib_a-writer.o)
                0x01808778                _write_r
 .text          0x018087f0       0x70 c:/altera/11.1sp2/nios2eds/bin/gnu/h-i686-mingw32/bin/../lib/gcc/nios2-elf/4.1.2/../../../../nios2-elf/lib/mno-hw-mul\libc.a(lib_a-closer.o)
                0x018087f0                _close_r
 .text          0x01808860      0x124 c:/altera/11.1sp2/nios2eds/bin/gnu/h-i686-mingw32/bin/../lib/gcc/nios2-elf/4.1.2/../../../../nios2-elf/lib/mno-hw-mul\libc.a(lib_a-fclose.o)
                0x01808860                _fclose_r
                0x01808970                fclose
 .text          0x01808984       0x74 c:/altera/11.1sp2/nios2eds/bin/gnu/h-i686-mingw32/bin/../lib/gcc/nios2-elf/4.1.2/../../../../nios2-elf/lib/mno-hw-mul\libc.a(lib_a-fstatr.o)
                0x01808984                _fstat_r
 .text          0x018089f8       0x70 c:/altera/11.1sp2/nios2eds/bin/gnu/h-i686-mingw32/bin/../lib/gcc/nios2-elf/4.1.2/../../../../nios2-elf/lib/mno-hw-mul\libc.a(lib_a-isattyr.o)
                0x018089f8                _isatty_r
 .text          0x01808a68       0x78 c:/altera/11.1sp2/nios2eds/bin/gnu/h-i686-mingw32/bin/../lib/gcc/nios2-elf/4.1.2/../../../../nios2-elf/lib/mno-hw-mul\libc.a(lib_a-lseekr.o)
                0x01808a68                _lseek_r
 .text          0x01808ae0       0x78 c:/altera/11.1sp2/nios2eds/bin/gnu/h-i686-mingw32/bin/../lib/gcc/nios2-elf/4.1.2/../../../../nios2-elf/lib/mno-hw-mul\libc.a(lib_a-readr.o)
                0x01808ae0                _read_r
 .text          0x01808b58       0x38 c:/altera/11.1sp2/nios2eds/bin/gnu/h-i686-mingw32/bin/../lib/gcc/nios2-elf/4.1.2/mno-hw-mul\libgcc.a(lib2-mul.o)
                0x01808b58                __mulsi3
 .text          0x01808b90       0x64 G:/WorK/Synesthesia/github/synesthesia_zen/wxp/dgn/sw/limbus_bsp/\libchibios_v240_bsp.a(alt_exit.o)
                0x01808bd0                _exit
 .text          0x01808bf4      0x138 G:/WorK/Synesthesia/github/synesthesia_zen/wxp/dgn/sw/limbus_bsp/\libchibios_v240_bsp.a(alt_fstat.o)
                0x01808bf4                fstat
 .text          0x01808d2c      0x124 G:/WorK/Synesthesia/github/synesthesia_zen/wxp/dgn/sw/limbus_bsp/\libchibios_v240_bsp.a(alt_isatty.o)
                0x01808d2c                isatty
 .text          0x01808e50      0x154 G:/WorK/Synesthesia/github/synesthesia_zen/wxp/dgn/sw/limbus_bsp/\libchibios_v240_bsp.a(alt_lseek.o)
                0x01808e50                lseek
 .text          0x01808fa4       0x40 G:/WorK/Synesthesia/github/synesthesia_zen/wxp/dgn/sw/limbus_bsp/\libchibios_v240_bsp.a(alt_malloc_lock.o)
                0x01808fa4                __malloc_lock
                0x01808fc4                __malloc_unlock
 .text          0x01808fe4      0x184 G:/WorK/Synesthesia/github/synesthesia_zen/wxp/dgn/sw/limbus_bsp/\libchibios_v240_bsp.a(alt_read.o)
                0x01808fe4                read
 .text          0x01809168       0xbc G:/WorK/Synesthesia/github/synesthesia_zen/wxp/dgn/sw/limbus_bsp/\libchibios_v240_bsp.a(alt_sbrk.o)
                0x01809168                sbrk
 .text          0x01809224      0x184 G:/WorK/Synesthesia/github/synesthesia_zen/wxp/dgn/sw/limbus_bsp/\libchibios_v240_bsp.a(alt_write.o)
                0x01809224                write
 *(.gnu.warning.*)
 *(.fini)
                0x018093a8                PROVIDE (__etext, ABSOLUTE (.))
                0x018093a8                PROVIDE (_etext, ABSOLUTE (.))
                0x018093a8                PROVIDE (etext, ABSOLUTE (.))
 *(.eh_frame_hdr)
                0x018093a8                . = ALIGN (0x4)
                0x018093a8                PROVIDE (__preinit_array_start, ABSOLUTE (.))
 *(.preinit_array)
                0x018093a8                PROVIDE (__preinit_array_end, ABSOLUTE (.))
                0x018093a8                PROVIDE (__init_array_start, ABSOLUTE (.))
 *(.init_array)
                0x018093a8                PROVIDE (__init_array_end, ABSOLUTE (.))
                0x018093a8                PROVIDE (__fini_array_start, ABSOLUTE (.))
 *(.fini_array)
                0x018093a8                PROVIDE (__fini_array_end, ABSOLUTE (.))
 *(.eh_frame)
 *(.gcc_except_table)
 *(.dynamic)
                0x018093a8                PROVIDE (__CTOR_LIST__, ABSOLUTE (.))
 *(.ctors)
 *(SORT(.ctors.*))
 .ctors.65535   0x018093a8        0x4 c:/altera/11.1sp2/nios2eds/bin/gnu/h-i686-mingw32/bin/../lib/gcc/nios2-elf/4.1.2/../../../../nios2-elf/lib/mno-hw-mul\libc.a(lib_a-__call_atexit.o)
                0x018093ac                PROVIDE (__CTOR_END__, ABSOLUTE (.))
                0x018093ac                PROVIDE (__DTOR_LIST__, ABSOLUTE (.))
 *(.dtors)
 *(SORT(.dtors.*))
                0x018093ac                PROVIDE (__DTOR_END__, ABSOLUTE (.))
 *(.jcr)
                0x018093ac                . = ALIGN (0x4)

.rodata         0x018093ac       0xb4
                0x018093ac                PROVIDE (__ram_rodata_start, ABSOLUTE (.))
                0x018093ac                . = ALIGN (0x4)
 *(.rodata .rodata.* .gnu.linkonce.r.*)
 .rodata.str1.4
                0x018093ac       0x66 obj/default/main.o
                                 0x68 (size before relaxing)
 *fill*         0x01809412        0x2 00
 .rodata        0x01809414       0x10 G:/WorK/Synesthesia/github/synesthesia_zen/wxp/dgn/sw/limbus_bsp/\libchibios_v240_bsp.a(alt_main.o)
 .rodata        0x01809424       0x1c G:/WorK/Synesthesia/github/synesthesia_zen/wxp/dgn/sw/limbus_bsp/\libchibios_v240_bsp.a(alt_sys_init.o)
 .rodata        0x01809440       0x10 G:/WorK/Synesthesia/github/synesthesia_zen/wxp/dgn/sw/limbus_bsp/\libchibios_v240_bsp.a(chsys.o)
 .rodata        0x01809450        0xc G:/WorK/Synesthesia/github/synesthesia_zen/wxp/dgn/sw/limbus_bsp/\libchibios_v240_bsp.a(alt_dev.o)
 .rodata.str1.4
                0x0180945c        0x4 c:/altera/11.1sp2/nios2eds/bin/gnu/h-i686-mingw32/bin/../lib/gcc/nios2-elf/4.1.2/../../../../nios2-elf/lib/mno-hw-mul\libc.a(lib_a-impure.o)
 *(.rodata1)
                0x01809460                . = ALIGN (0x4)
                0x01809460                PROVIDE (__ram_rodata_end, ABSOLUTE (.))
                0x018093ac                PROVIDE (__flash_rodata_start, LOADADDR (.rodata))

.rwdata         0x01809460     0x1b0c load address 0x0180af6c
                0x01809460                PROVIDE (__ram_rwdata_start, ABSOLUTE (.))
                0x01809460                . = ALIGN (0x4)
 *(.got.plt)
 *(.got)
 *(.data1)
 *(.data .data.* .gnu.linkonce.d.*)
 .data          0x01809460        0x0 G:/WorK/Synesthesia/github/synesthesia_zen/wxp/dgn/sw/limbus_bsp//obj/HAL/src/crt0.o
 .data          0x01809460        0x0 obj/default/ledos/cortex/vcortex/gpu/gpu.o
 .data          0x01809460        0x0 obj/default/ledos/cortex/vcortex/vga/vga.o
 .data          0x01809460        0x0 obj/default/ledos/graphics/graphics.o
 .data          0x01809460        0x0 obj/default/main.o
 .data          0x01809460        0x0 G:/WorK/Synesthesia/github/synesthesia_zen/wxp/dgn/sw/limbus_bsp/\libchibios_v240_bsp.a(chthreads.o)
 .data          0x01809460        0x0 G:/WorK/Synesthesia/github/synesthesia_zen/wxp/dgn/sw/limbus_bsp/\libchibios_v240_bsp.a(chvt.o)
 .data          0x01809460        0x0 G:/WorK/Synesthesia/github/synesthesia_zen/wxp/dgn/sw/limbus_bsp/\libchibios_v240_bsp.a(chcoreasm.o)
 .data          0x01809460        0x0 G:/WorK/Synesthesia/github/synesthesia_zen/wxp/dgn/sw/limbus_bsp/\libchibios_v240_bsp.a(alt_load.o)
 .data          0x01809460        0x0 G:/WorK/Synesthesia/github/synesthesia_zen/wxp/dgn/sw/limbus_bsp/\libchibios_v240_bsp.a(alt_main.o)
 .data          0x01809460        0x0 G:/WorK/Synesthesia/github/synesthesia_zen/wxp/dgn/sw/limbus_bsp/\libchibios_v240_bsp.a(alt_printf.o)
 .data          0x01809460        0x0 G:/WorK/Synesthesia/github/synesthesia_zen/wxp/dgn/sw/limbus_bsp/\libchibios_v240_bsp.a(alt_putchar.o)
 .data          0x01809460        0x0 G:/WorK/Synesthesia/github/synesthesia_zen/wxp/dgn/sw/limbus_bsp/\libchibios_v240_bsp.a(alt_putstr.o)
 .data          0x01809460     0x1124 G:/WorK/Synesthesia/github/synesthesia_zen/wxp/dgn/sw/limbus_bsp/\libchibios_v240_bsp.a(alt_sys_init.o)
 .data          0x0180a584        0x0 G:/WorK/Synesthesia/github/synesthesia_zen/wxp/dgn/sw/limbus_bsp/\libchibios_v240_bsp.a(altera_avalon_jtag_uart_fd.o)
 .data          0x0180a584        0x0 G:/WorK/Synesthesia/github/synesthesia_zen/wxp/dgn/sw/limbus_bsp/\libchibios_v240_bsp.a(altera_avalon_jtag_uart_init.o)
 .data          0x0180a584        0x0 G:/WorK/Synesthesia/github/synesthesia_zen/wxp/dgn/sw/limbus_bsp/\libchibios_v240_bsp.a(altera_avalon_jtag_uart_ioctl.o)
 .data          0x0180a584        0x0 G:/WorK/Synesthesia/github/synesthesia_zen/wxp/dgn/sw/limbus_bsp/\libchibios_v240_bsp.a(altera_avalon_jtag_uart_read.o)
 .data          0x0180a584        0x0 G:/WorK/Synesthesia/github/synesthesia_zen/wxp/dgn/sw/limbus_bsp/\libchibios_v240_bsp.a(altera_avalon_jtag_uart_write.o)
 .data          0x0180a584        0x0 G:/WorK/Synesthesia/github/synesthesia_zen/wxp/dgn/sw/limbus_bsp/\libchibios_v240_bsp.a(altera_avalon_timer_sc.o)
 .data          0x0180a584        0x0 G:/WorK/Synesthesia/github/synesthesia_zen/wxp/dgn/sw/limbus_bsp/\libchibios_v240_bsp.a(altera_avalon_uart_fd.o)
 .data          0x0180a584        0x0 G:/WorK/Synesthesia/github/synesthesia_zen/wxp/dgn/sw/limbus_bsp/\libchibios_v240_bsp.a(altera_avalon_uart_init.o)
 .data          0x0180a584        0x0 G:/WorK/Synesthesia/github/synesthesia_zen/wxp/dgn/sw/limbus_bsp/\libchibios_v240_bsp.a(altera_avalon_uart_read.o)
 .data          0x0180a584        0x0 G:/WorK/Synesthesia/github/synesthesia_zen/wxp/dgn/sw/limbus_bsp/\libchibios_v240_bsp.a(altera_avalon_uart_write.o)
 .data          0x0180a584        0x0 G:/WorK/Synesthesia/github/synesthesia_zen/wxp/dgn/sw/limbus_bsp/\libchibios_v240_bsp.a(chdynamic.o)
 .data          0x0180a584        0x0 G:/WorK/Synesthesia/github/synesthesia_zen/wxp/dgn/sw/limbus_bsp/\libchibios_v240_bsp.a(chheap.o)
 .data          0x0180a584        0x0 G:/WorK/Synesthesia/github/synesthesia_zen/wxp/dgn/sw/limbus_bsp/\libchibios_v240_bsp.a(chmemcore.o)
 .data          0x0180a584        0x0 G:/WorK/Synesthesia/github/synesthesia_zen/wxp/dgn/sw/limbus_bsp/\libchibios_v240_bsp.a(chmempools.o)
 .data          0x0180a584        0x0 G:/WorK/Synesthesia/github/synesthesia_zen/wxp/dgn/sw/limbus_bsp/\libchibios_v240_bsp.a(chmtx.o)
 .data          0x0180a584        0x0 G:/WorK/Synesthesia/github/synesthesia_zen/wxp/dgn/sw/limbus_bsp/\libchibios_v240_bsp.a(chschd.o)
 .data          0x0180a584        0x0 G:/WorK/Synesthesia/github/synesthesia_zen/wxp/dgn/sw/limbus_bsp/\libchibios_v240_bsp.a(chsys.o)
 .data          0x0180a584        0x0 G:/WorK/Synesthesia/github/synesthesia_zen/wxp/dgn/sw/limbus_bsp/\libchibios_v240_bsp.a(alt_alarm_start.o)
 .data          0x0180a584        0x0 G:/WorK/Synesthesia/github/synesthesia_zen/wxp/dgn/sw/limbus_bsp/\libchibios_v240_bsp.a(alt_close.o)
 .data          0x0180a584        0x0 G:/WorK/Synesthesia/github/synesthesia_zen/wxp/dgn/sw/limbus_bsp/\libchibios_v240_bsp.a(alt_dcache_flush_all.o)
 .data          0x0180a584      0x1a8 G:/WorK/Synesthesia/github/synesthesia_zen/wxp/dgn/sw/limbus_bsp/\libchibios_v240_bsp.a(alt_dev.o)
                0x0180a584                alt_dev_null
                0x0180a5ac                alt_fd_list
 .data          0x0180a72c        0x0 G:/WorK/Synesthesia/github/synesthesia_zen/wxp/dgn/sw/limbus_bsp/\libchibios_v240_bsp.a(alt_dev_llist_insert.o)
 .data          0x0180a72c        0x0 G:/WorK/Synesthesia/github/synesthesia_zen/wxp/dgn/sw/limbus_bsp/\libchibios_v240_bsp.a(alt_do_ctors.o)
 .data          0x0180a72c        0x0 G:/WorK/Synesthesia/github/synesthesia_zen/wxp/dgn/sw/limbus_bsp/\libchibios_v240_bsp.a(alt_do_dtors.o)
 .data          0x0180a72c        0x0 G:/WorK/Synesthesia/github/synesthesia_zen/wxp/dgn/sw/limbus_bsp/\libchibios_v240_bsp.a(alt_errno.o)
 .data          0x0180a72c        0x0 G:/WorK/Synesthesia/github/synesthesia_zen/wxp/dgn/sw/limbus_bsp/\libchibios_v240_bsp.a(alt_icache_flush_all.o)
 .data          0x0180a72c        0x0 G:/WorK/Synesthesia/github/synesthesia_zen/wxp/dgn/sw/limbus_bsp/\libchibios_v240_bsp.a(alt_iic.o)
 .data          0x0180a72c        0x0 G:/WorK/Synesthesia/github/synesthesia_zen/wxp/dgn/sw/limbus_bsp/\libchibios_v240_bsp.a(alt_iic_isr_register.o)
 .data          0x0180a72c        0x0 G:/WorK/Synesthesia/github/synesthesia_zen/wxp/dgn/sw/limbus_bsp/\libchibios_v240_bsp.a(alt_io_redirect.o)
 .data          0x0180a72c        0x0 G:/WorK/Synesthesia/github/synesthesia_zen/wxp/dgn/sw/limbus_bsp/\libchibios_v240_bsp.a(alt_irq_entry.o)
 .data          0x0180a72c        0x0 G:/WorK/Synesthesia/github/synesthesia_zen/wxp/dgn/sw/limbus_bsp/\libchibios_v240_bsp.a(alt_irq_handler.o)
 .data          0x0180a72c        0x0 G:/WorK/Synesthesia/github/synesthesia_zen/wxp/dgn/sw/limbus_bsp/\libchibios_v240_bsp.a(alt_irq_vars.o)
 .data          0x0180a72c        0x0 G:/WorK/Synesthesia/github/synesthesia_zen/wxp/dgn/sw/limbus_bsp/\libchibios_v240_bsp.a(alt_open.o)
 .data          0x0180a72c        0x0 G:/WorK/Synesthesia/github/synesthesia_zen/wxp/dgn/sw/limbus_bsp/\libchibios_v240_bsp.a(alt_release_fd.o)
 .data          0x0180a72c        0x0 G:/WorK/Synesthesia/github/synesthesia_zen/wxp/dgn/sw/limbus_bsp/\libchibios_v240_bsp.a(alt_tick.o)
 .data          0x0180a72c        0x0 G:/WorK/Synesthesia/github/synesthesia_zen/wxp/dgn/sw/limbus_bsp/\libchibios_v240_bsp.a(altera_nios2_qsys_irq.o)
 .data          0x0180a72c        0x0 G:/WorK/Synesthesia/github/synesthesia_zen/wxp/dgn/sw/limbus_bsp/\libchibios_v240_bsp.a(chcore.o)
 .data          0x0180a72c        0x0 G:/WorK/Synesthesia/github/synesthesia_zen/wxp/dgn/sw/limbus_bsp/\libchibios_v240_bsp.a(alt_exception_entry.o)
 .data          0x0180a72c        0x0 G:/WorK/Synesthesia/github/synesthesia_zen/wxp/dgn/sw/limbus_bsp/\libchibios_v240_bsp.a(alt_find_dev.o)
 .data          0x0180a72c        0x0 G:/WorK/Synesthesia/github/synesthesia_zen/wxp/dgn/sw/limbus_bsp/\libchibios_v240_bsp.a(alt_find_file.o)
 .data          0x0180a72c        0x0 G:/WorK/Synesthesia/github/synesthesia_zen/wxp/dgn/sw/limbus_bsp/\libchibios_v240_bsp.a(alt_get_fd.o)
 .data          0x0180a72c        0x0 c:/altera/11.1sp2/nios2eds/bin/gnu/h-i686-mingw32/bin/../lib/gcc/nios2-elf/4.1.2/../../../../nios2-elf/lib/mno-hw-mul\libc.a(lib_a-atexit.o)
 .data          0x0180a72c        0x0 c:/altera/11.1sp2/nios2eds/bin/gnu/h-i686-mingw32/bin/../lib/gcc/nios2-elf/4.1.2/../../../../nios2-elf/lib/mno-hw-mul\libc.a(lib_a-exit.o)
 .data          0x0180a72c        0x0 c:/altera/11.1sp2/nios2eds/bin/gnu/h-i686-mingw32/bin/../lib/gcc/nios2-elf/4.1.2/../../../../nios2-elf/lib/mno-hw-mul\libc.a(lib_a-fputs.o)
 .data          0x0180a72c        0x0 c:/altera/11.1sp2/nios2eds/bin/gnu/h-i686-mingw32/bin/../lib/gcc/nios2-elf/4.1.2/../../../../nios2-elf/lib/mno-hw-mul\libc.a(lib_a-fvwrite.o)
 .data          0x0180a72c      0x400 c:/altera/11.1sp2/nios2eds/bin/gnu/h-i686-mingw32/bin/../lib/gcc/nios2-elf/4.1.2/../../../../nios2-elf/lib/mno-hw-mul\libc.a(lib_a-impure.o)
 .data          0x0180ab2c        0x0 c:/altera/11.1sp2/nios2eds/bin/gnu/h-i686-mingw32/bin/../lib/gcc/nios2-elf/4.1.2/../../../../nios2-elf/lib/mno-hw-mul\libc.a(lib_a-int_errno.o)
 .data          0x0180ab2c      0x408 c:/altera/11.1sp2/nios2eds/bin/gnu/h-i686-mingw32/bin/../lib/gcc/nios2-elf/4.1.2/../../../../nios2-elf/lib/mno-hw-mul\libc.a(lib_a-mallocr.o)
                0x0180ab2c                __malloc_av_
 .data          0x0180af34        0x0 c:/altera/11.1sp2/nios2eds/bin/gnu/h-i686-mingw32/bin/../lib/gcc/nios2-elf/4.1.2/../../../../nios2-elf/lib/mno-hw-mul\libc.a(lib_a-memchr.o)
 .data          0x0180af34        0x0 c:/altera/11.1sp2/nios2eds/bin/gnu/h-i686-mingw32/bin/../lib/gcc/nios2-elf/4.1.2/../../../../nios2-elf/lib/mno-hw-mul\libc.a(lib_a-memcmp.o)
 .data          0x0180af34        0x0 c:/altera/11.1sp2/nios2eds/bin/gnu/h-i686-mingw32/bin/../lib/gcc/nios2-elf/4.1.2/../../../../nios2-elf/lib/mno-hw-mul\libc.a(lib_a-memcpy.o)
 .data          0x0180af34        0x0 c:/altera/11.1sp2/nios2eds/bin/gnu/h-i686-mingw32/bin/../lib/gcc/nios2-elf/4.1.2/../../../../nios2-elf/lib/mno-hw-mul\libc.a(lib_a-memmove.o)
 .data          0x0180af34        0x0 c:/altera/11.1sp2/nios2eds/bin/gnu/h-i686-mingw32/bin/../lib/gcc/nios2-elf/4.1.2/../../../../nios2-elf/lib/mno-hw-mul\libc.a(lib_a-putc.o)
 .data          0x0180af34        0x0 c:/altera/11.1sp2/nios2eds/bin/gnu/h-i686-mingw32/bin/../lib/gcc/nios2-elf/4.1.2/../../../../nios2-elf/lib/mno-hw-mul\libc.a(lib_a-reallocr.o)
 .data          0x0180af34        0x0 c:/altera/11.1sp2/nios2eds/bin/gnu/h-i686-mingw32/bin/../lib/gcc/nios2-elf/4.1.2/../../../../nios2-elf/lib/mno-hw-mul\libc.a(lib_a-sbrkr.o)
 .data          0x0180af34        0x0 c:/altera/11.1sp2/nios2eds/bin/gnu/h-i686-mingw32/bin/../lib/gcc/nios2-elf/4.1.2/../../../../nios2-elf/lib/mno-hw-mul\libc.a(lib_a-strlen.o)
 .data          0x0180af34        0x0 c:/altera/11.1sp2/nios2eds/bin/gnu/h-i686-mingw32/bin/../lib/gcc/nios2-elf/4.1.2/../../../../nios2-elf/lib/mno-hw-mul\libc.a(lib_a-wbuf.o)
 .data          0x0180af34        0x0 c:/altera/11.1sp2/nios2eds/bin/gnu/h-i686-mingw32/bin/../lib/gcc/nios2-elf/4.1.2/../../../../nios2-elf/lib/mno-hw-mul\libc.a(lib_a-wsetup.o)
 .data          0x0180af34        0x0 c:/altera/11.1sp2/nios2eds/bin/gnu/h-i686-mingw32/bin/../lib/gcc/nios2-elf/4.1.2/../../../../nios2-elf/lib/mno-hw-mul\libc.a(lib_a-__atexit.o)
 .data          0x0180af34        0x0 c:/altera/11.1sp2/nios2eds/bin/gnu/h-i686-mingw32/bin/../lib/gcc/nios2-elf/4.1.2/../../../../nios2-elf/lib/mno-hw-mul\libc.a(lib_a-__call_atexit.o)
 .data          0x0180af34        0x0 c:/altera/11.1sp2/nios2eds/bin/gnu/h-i686-mingw32/bin/../lib/gcc/nios2-elf/4.1.2/../../../../nios2-elf/lib/mno-hw-mul\libc.a(lib_a-fflush.o)
 .data          0x0180af34        0x0 c:/altera/11.1sp2/nios2eds/bin/gnu/h-i686-mingw32/bin/../lib/gcc/nios2-elf/4.1.2/../../../../nios2-elf/lib/mno-hw-mul\libc.a(lib_a-findfp.o)
 .data          0x0180af34        0x0 c:/altera/11.1sp2/nios2eds/bin/gnu/h-i686-mingw32/bin/../lib/gcc/nios2-elf/4.1.2/../../../../nios2-elf/lib/mno-hw-mul\libc.a(lib_a-freer.o)
 .data          0x0180af34        0x0 c:/altera/11.1sp2/nios2eds/bin/gnu/h-i686-mingw32/bin/../lib/gcc/nios2-elf/4.1.2/../../../../nios2-elf/lib/mno-hw-mul\libc.a(lib_a-fwalk.o)
 .data          0x0180af34        0x0 c:/altera/11.1sp2/nios2eds/bin/gnu/h-i686-mingw32/bin/../lib/gcc/nios2-elf/4.1.2/../../../../nios2-elf/lib/mno-hw-mul\libc.a(lib_a-makebuf.o)
 .data          0x0180af34        0x0 c:/altera/11.1sp2/nios2eds/bin/gnu/h-i686-mingw32/bin/../lib/gcc/nios2-elf/4.1.2/../../../../nios2-elf/lib/mno-hw-mul\libc.a(lib_a-memset.o)
 .data          0x0180af34        0x0 c:/altera/11.1sp2/nios2eds/bin/gnu/h-i686-mingw32/bin/../lib/gcc/nios2-elf/4.1.2/../../../../nios2-elf/lib/mno-hw-mul\libc.a(lib_a-stdio.o)
 .data          0x0180af34        0x0 c:/altera/11.1sp2/nios2eds/bin/gnu/h-i686-mingw32/bin/../lib/gcc/nios2-elf/4.1.2/../../../../nios2-elf/lib/mno-hw-mul\libc.a(lib_a-writer.o)
 .data          0x0180af34        0x0 c:/altera/11.1sp2/nios2eds/bin/gnu/h-i686-mingw32/bin/../lib/gcc/nios2-elf/4.1.2/../../../../nios2-elf/lib/mno-hw-mul\libc.a(lib_a-closer.o)
 .data          0x0180af34        0x0 c:/altera/11.1sp2/nios2eds/bin/gnu/h-i686-mingw32/bin/../lib/gcc/nios2-elf/4.1.2/../../../../nios2-elf/lib/mno-hw-mul\libc.a(lib_a-fclose.o)
 .data          0x0180af34        0x0 c:/altera/11.1sp2/nios2eds/bin/gnu/h-i686-mingw32/bin/../lib/gcc/nios2-elf/4.1.2/../../../../nios2-elf/lib/mno-hw-mul\libc.a(lib_a-fstatr.o)
 .data          0x0180af34        0x0 c:/altera/11.1sp2/nios2eds/bin/gnu/h-i686-mingw32/bin/../lib/gcc/nios2-elf/4.1.2/../../../../nios2-elf/lib/mno-hw-mul\libc.a(lib_a-isattyr.o)
 .data          0x0180af34        0x0 c:/altera/11.1sp2/nios2eds/bin/gnu/h-i686-mingw32/bin/../lib/gcc/nios2-elf/4.1.2/../../../../nios2-elf/lib/mno-hw-mul\libc.a(lib_a-lseekr.o)
 .data          0x0180af34        0x0 c:/altera/11.1sp2/nios2eds/bin/gnu/h-i686-mingw32/bin/../lib/gcc/nios2-elf/4.1.2/../../../../nios2-elf/lib/mno-hw-mul\libc.a(lib_a-readr.o)
 .data          0x0180af34        0x0 c:/altera/11.1sp2/nios2eds/bin/gnu/h-i686-mingw32/bin/../lib/gcc/nios2-elf/4.1.2/mno-hw-mul\libgcc.a(lib2-mul.o)
 .data          0x0180af34        0x0 G:/WorK/Synesthesia/github/synesthesia_zen/wxp/dgn/sw/limbus_bsp/\libchibios_v240_bsp.a(alt_exit.o)
 .data          0x0180af34        0x0 G:/WorK/Synesthesia/github/synesthesia_zen/wxp/dgn/sw/limbus_bsp/\libchibios_v240_bsp.a(alt_fstat.o)
 .data          0x0180af34        0x0 G:/WorK/Synesthesia/github/synesthesia_zen/wxp/dgn/sw/limbus_bsp/\libchibios_v240_bsp.a(alt_isatty.o)
 .data          0x0180af34        0x0 G:/WorK/Synesthesia/github/synesthesia_zen/wxp/dgn/sw/limbus_bsp/\libchibios_v240_bsp.a(alt_lseek.o)
 .data          0x0180af34        0x0 G:/WorK/Synesthesia/github/synesthesia_zen/wxp/dgn/sw/limbus_bsp/\libchibios_v240_bsp.a(alt_malloc_lock.o)
 .data          0x0180af34        0x0 G:/WorK/Synesthesia/github/synesthesia_zen/wxp/dgn/sw/limbus_bsp/\libchibios_v240_bsp.a(alt_read.o)
 .data          0x0180af34        0x0 G:/WorK/Synesthesia/github/synesthesia_zen/wxp/dgn/sw/limbus_bsp/\libchibios_v240_bsp.a(alt_sbrk.o)
 .data          0x0180af34        0x0 G:/WorK/Synesthesia/github/synesthesia_zen/wxp/dgn/sw/limbus_bsp/\libchibios_v240_bsp.a(alt_write.o)
                0x01812f34                _gp = ABSOLUTE ((. + 0x8000))
                0x01812f34                PROVIDE (gp, _gp)
 *(.rwdata .rwdata.*)
 *(.sdata .sdata.* .gnu.linkonce.s.*)
 .sdata         0x0180af34       0x14 G:/WorK/Synesthesia/github/synesthesia_zen/wxp/dgn/sw/limbus_bsp/\libchibios_v240_bsp.a(alt_dev.o)
                0x0180af34                alt_fs_list
                0x0180af3c                alt_dev_list
                0x0180af44                alt_max_fd
 .sdata         0x0180af48        0x4 G:/WorK/Synesthesia/github/synesthesia_zen/wxp/dgn/sw/limbus_bsp/\libchibios_v240_bsp.a(alt_errno.o)
                0x0180af48                alt_errno
 .sdata         0x0180af4c        0x4 G:/WorK/Synesthesia/github/synesthesia_zen/wxp/dgn/sw/limbus_bsp/\libchibios_v240_bsp.a(alt_irq_vars.o)
                0x0180af4c                alt_priority_mask
 .sdata         0x0180af50        0x8 G:/WorK/Synesthesia/github/synesthesia_zen/wxp/dgn/sw/limbus_bsp/\libchibios_v240_bsp.a(alt_tick.o)
                0x0180af50                alt_alarm_list
 .sdata         0x0180af58        0x8 c:/altera/11.1sp2/nios2eds/bin/gnu/h-i686-mingw32/bin/../lib/gcc/nios2-elf/4.1.2/../../../../nios2-elf/lib/mno-hw-mul\libc.a(lib_a-impure.o)
                0x0180af58                _impure_ptr
                0x0180af5c                _global_impure_ptr
 .sdata         0x0180af60        0x8 c:/altera/11.1sp2/nios2eds/bin/gnu/h-i686-mingw32/bin/../lib/gcc/nios2-elf/4.1.2/../../../../nios2-elf/lib/mno-hw-mul\libc.a(lib_a-mallocr.o)
                0x0180af60                __malloc_trim_threshold
                0x0180af64                __malloc_sbrk_base
 .sdata         0x0180af68        0x4 G:/WorK/Synesthesia/github/synesthesia_zen/wxp/dgn/sw/limbus_bsp/\libchibios_v240_bsp.a(alt_sbrk.o)
 *(.sdata2 .sdata2.* .gnu.linkonce.s2.*)
                0x0180af6c                . = ALIGN (0x4)
                0x0180af6c                _edata = ABSOLUTE (.)
                0x0180af6c                PROVIDE (edata, ABSOLUTE (.))
                0x0180af6c                PROVIDE (__ram_rwdata_end, ABSOLUTE (.))
                0x0180af6c                PROVIDE (__flash_rwdata_start, LOADADDR (.rwdata))

.bss            0x0180ca78      0x53c
                0x0180ca78                __bss_start = ABSOLUTE (.)
                0x0180ca78                PROVIDE (__sbss_start, ABSOLUTE (.))
                0x0180ca78                PROVIDE (___sbss_start, ABSOLUTE (.))
 *(.dynsbss)
 *(.sbss .sbss.* .gnu.linkonce.sb.*)
 .sbss          0x0180ca78        0xc G:/WorK/Synesthesia/github/synesthesia_zen/wxp/dgn/sw/limbus_bsp/\libchibios_v240_bsp.a(alt_main.o)
                0x0180ca78                alt_argc
                0x0180ca7c                alt_argv
                0x0180ca80                alt_envp
 .sbss          0x0180ca84        0x8 G:/WorK/Synesthesia/github/synesthesia_zen/wxp/dgn/sw/limbus_bsp/\libchibios_v240_bsp.a(chmemcore.o)
 .sbss          0x0180ca8c        0x4 G:/WorK/Synesthesia/github/synesthesia_zen/wxp/dgn/sw/limbus_bsp/\libchibios_v240_bsp.a(alt_irq_vars.o)
                0x0180ca8c                alt_irq_active
 .sbss          0x0180ca90        0x8 G:/WorK/Synesthesia/github/synesthesia_zen/wxp/dgn/sw/limbus_bsp/\libchibios_v240_bsp.a(alt_tick.o)
                0x0180ca90                _alt_tick_rate
                0x0180ca94                _alt_nticks
 .sbss          0x0180ca98        0x4 c:/altera/11.1sp2/nios2eds/bin/gnu/h-i686-mingw32/bin/../lib/gcc/nios2-elf/4.1.2/../../../../nios2-elf/lib/mno-hw-mul\libc.a(lib_a-int_errno.o)
                0x0180ca98                errno
 .sbss          0x0180ca9c        0xc c:/altera/11.1sp2/nios2eds/bin/gnu/h-i686-mingw32/bin/../lib/gcc/nios2-elf/4.1.2/../../../../nios2-elf/lib/mno-hw-mul\libc.a(lib_a-mallocr.o)
                0x0180ca9c                __malloc_top_pad
                0x0180caa0                __malloc_max_sbrked_mem
                0x0180caa4                __malloc_max_total_mem
 *(.sbss2 .sbss2.* .gnu.linkonce.sb2.*)
 *(.scommon)
                0x0180caa8                PROVIDE (__sbss_end, ABSOLUTE (.))
                0x0180caa8                PROVIDE (___sbss_end, ABSOLUTE (.))
 *(.dynbss)
 *(.bss .bss.* .gnu.linkonce.b.*)
 .bss           0x0180caa8        0x0 G:/WorK/Synesthesia/github/synesthesia_zen/wxp/dgn/sw/limbus_bsp//obj/HAL/src/crt0.o
 .bss           0x0180caa8        0x0 obj/default/ledos/cortex/vcortex/gpu/gpu.o
 .bss           0x0180caa8        0x0 obj/default/ledos/cortex/vcortex/vga/vga.o
 .bss           0x0180caa8        0x0 obj/default/ledos/graphics/graphics.o
 .bss           0x0180caa8        0x0 obj/default/main.o
 .bss           0x0180caa8        0x0 G:/WorK/Synesthesia/github/synesthesia_zen/wxp/dgn/sw/limbus_bsp/\libchibios_v240_bsp.a(chthreads.o)
 .bss           0x0180caa8        0x0 G:/WorK/Synesthesia/github/synesthesia_zen/wxp/dgn/sw/limbus_bsp/\libchibios_v240_bsp.a(chvt.o)
 .bss           0x0180caa8        0x0 G:/WorK/Synesthesia/github/synesthesia_zen/wxp/dgn/sw/limbus_bsp/\libchibios_v240_bsp.a(chcoreasm.o)
 .bss           0x0180caa8        0x0 G:/WorK/Synesthesia/github/synesthesia_zen/wxp/dgn/sw/limbus_bsp/\libchibios_v240_bsp.a(alt_load.o)
 .bss           0x0180caa8        0x0 G:/WorK/Synesthesia/github/synesthesia_zen/wxp/dgn/sw/limbus_bsp/\libchibios_v240_bsp.a(alt_main.o)
 .bss           0x0180caa8        0x0 G:/WorK/Synesthesia/github/synesthesia_zen/wxp/dgn/sw/limbus_bsp/\libchibios_v240_bsp.a(alt_printf.o)
 .bss           0x0180caa8        0x0 G:/WorK/Synesthesia/github/synesthesia_zen/wxp/dgn/sw/limbus_bsp/\libchibios_v240_bsp.a(alt_putchar.o)
 .bss           0x0180caa8        0x0 G:/WorK/Synesthesia/github/synesthesia_zen/wxp/dgn/sw/limbus_bsp/\libchibios_v240_bsp.a(alt_putstr.o)
 .bss           0x0180caa8        0x0 G:/WorK/Synesthesia/github/synesthesia_zen/wxp/dgn/sw/limbus_bsp/\libchibios_v240_bsp.a(alt_sys_init.o)
 .bss           0x0180caa8        0x0 G:/WorK/Synesthesia/github/synesthesia_zen/wxp/dgn/sw/limbus_bsp/\libchibios_v240_bsp.a(altera_avalon_jtag_uart_fd.o)
 .bss           0x0180caa8        0x0 G:/WorK/Synesthesia/github/synesthesia_zen/wxp/dgn/sw/limbus_bsp/\libchibios_v240_bsp.a(altera_avalon_jtag_uart_init.o)
 .bss           0x0180caa8        0x0 G:/WorK/Synesthesia/github/synesthesia_zen/wxp/dgn/sw/limbus_bsp/\libchibios_v240_bsp.a(altera_avalon_jtag_uart_ioctl.o)
 .bss           0x0180caa8        0x0 G:/WorK/Synesthesia/github/synesthesia_zen/wxp/dgn/sw/limbus_bsp/\libchibios_v240_bsp.a(altera_avalon_jtag_uart_read.o)
 .bss           0x0180caa8        0x0 G:/WorK/Synesthesia/github/synesthesia_zen/wxp/dgn/sw/limbus_bsp/\libchibios_v240_bsp.a(altera_avalon_jtag_uart_write.o)
 .bss           0x0180caa8        0x0 G:/WorK/Synesthesia/github/synesthesia_zen/wxp/dgn/sw/limbus_bsp/\libchibios_v240_bsp.a(altera_avalon_timer_sc.o)
 .bss           0x0180caa8        0x0 G:/WorK/Synesthesia/github/synesthesia_zen/wxp/dgn/sw/limbus_bsp/\libchibios_v240_bsp.a(altera_avalon_uart_fd.o)
 .bss           0x0180caa8        0x0 G:/WorK/Synesthesia/github/synesthesia_zen/wxp/dgn/sw/limbus_bsp/\libchibios_v240_bsp.a(altera_avalon_uart_init.o)
 .bss           0x0180caa8        0x0 G:/WorK/Synesthesia/github/synesthesia_zen/wxp/dgn/sw/limbus_bsp/\libchibios_v240_bsp.a(altera_avalon_uart_read.o)
 .bss           0x0180caa8        0x0 G:/WorK/Synesthesia/github/synesthesia_zen/wxp/dgn/sw/limbus_bsp/\libchibios_v240_bsp.a(altera_avalon_uart_write.o)
 .bss           0x0180caa8        0x0 G:/WorK/Synesthesia/github/synesthesia_zen/wxp/dgn/sw/limbus_bsp/\libchibios_v240_bsp.a(chdynamic.o)
 .bss           0x0180caa8       0x1c G:/WorK/Synesthesia/github/synesthesia_zen/wxp/dgn/sw/limbus_bsp/\libchibios_v240_bsp.a(chheap.o)
 .bss           0x0180cac4        0x0 G:/WorK/Synesthesia/github/synesthesia_zen/wxp/dgn/sw/limbus_bsp/\libchibios_v240_bsp.a(chmemcore.o)
 .bss           0x0180cac4        0x0 G:/WorK/Synesthesia/github/synesthesia_zen/wxp/dgn/sw/limbus_bsp/\libchibios_v240_bsp.a(chmempools.o)
 .bss           0x0180cac4        0x0 G:/WorK/Synesthesia/github/synesthesia_zen/wxp/dgn/sw/limbus_bsp/\libchibios_v240_bsp.a(chmtx.o)
 .bss           0x0180cac4        0x0 G:/WorK/Synesthesia/github/synesthesia_zen/wxp/dgn/sw/limbus_bsp/\libchibios_v240_bsp.a(chschd.o)
 .bss           0x0180cac4       0x48 G:/WorK/Synesthesia/github/synesthesia_zen/wxp/dgn/sw/limbus_bsp/\libchibios_v240_bsp.a(chsys.o)
 .bss           0x0180cb0c        0x0 G:/WorK/Synesthesia/github/synesthesia_zen/wxp/dgn/sw/limbus_bsp/\libchibios_v240_bsp.a(alt_alarm_start.o)
 .bss           0x0180cb0c        0x0 G:/WorK/Synesthesia/github/synesthesia_zen/wxp/dgn/sw/limbus_bsp/\libchibios_v240_bsp.a(alt_close.o)
 .bss           0x0180cb0c        0x0 G:/WorK/Synesthesia/github/synesthesia_zen/wxp/dgn/sw/limbus_bsp/\libchibios_v240_bsp.a(alt_dcache_flush_all.o)
 .bss           0x0180cb0c        0x0 G:/WorK/Synesthesia/github/synesthesia_zen/wxp/dgn/sw/limbus_bsp/\libchibios_v240_bsp.a(alt_dev.o)
 .bss           0x0180cb0c        0x0 G:/WorK/Synesthesia/github/synesthesia_zen/wxp/dgn/sw/limbus_bsp/\libchibios_v240_bsp.a(alt_dev_llist_insert.o)
 .bss           0x0180cb0c        0x0 G:/WorK/Synesthesia/github/synesthesia_zen/wxp/dgn/sw/limbus_bsp/\libchibios_v240_bsp.a(alt_do_ctors.o)
 .bss           0x0180cb0c        0x0 G:/WorK/Synesthesia/github/synesthesia_zen/wxp/dgn/sw/limbus_bsp/\libchibios_v240_bsp.a(alt_do_dtors.o)
 .bss           0x0180cb0c        0x0 G:/WorK/Synesthesia/github/synesthesia_zen/wxp/dgn/sw/limbus_bsp/\libchibios_v240_bsp.a(alt_errno.o)
 .bss           0x0180cb0c        0x0 G:/WorK/Synesthesia/github/synesthesia_zen/wxp/dgn/sw/limbus_bsp/\libchibios_v240_bsp.a(alt_icache_flush_all.o)
 .bss           0x0180cb0c        0x0 G:/WorK/Synesthesia/github/synesthesia_zen/wxp/dgn/sw/limbus_bsp/\libchibios_v240_bsp.a(alt_iic.o)
 .bss           0x0180cb0c        0x0 G:/WorK/Synesthesia/github/synesthesia_zen/wxp/dgn/sw/limbus_bsp/\libchibios_v240_bsp.a(alt_iic_isr_register.o)
 .bss           0x0180cb0c        0x0 G:/WorK/Synesthesia/github/synesthesia_zen/wxp/dgn/sw/limbus_bsp/\libchibios_v240_bsp.a(alt_io_redirect.o)
 .bss           0x0180cb0c        0x0 G:/WorK/Synesthesia/github/synesthesia_zen/wxp/dgn/sw/limbus_bsp/\libchibios_v240_bsp.a(alt_irq_entry.o)
 .bss           0x0180cb0c        0x0 G:/WorK/Synesthesia/github/synesthesia_zen/wxp/dgn/sw/limbus_bsp/\libchibios_v240_bsp.a(alt_irq_handler.o)
 .bss           0x0180cb0c        0x0 G:/WorK/Synesthesia/github/synesthesia_zen/wxp/dgn/sw/limbus_bsp/\libchibios_v240_bsp.a(alt_irq_vars.o)
 .bss           0x0180cb0c        0x0 G:/WorK/Synesthesia/github/synesthesia_zen/wxp/dgn/sw/limbus_bsp/\libchibios_v240_bsp.a(alt_open.o)
 .bss           0x0180cb0c        0x0 G:/WorK/Synesthesia/github/synesthesia_zen/wxp/dgn/sw/limbus_bsp/\libchibios_v240_bsp.a(alt_release_fd.o)
 .bss           0x0180cb0c        0x0 G:/WorK/Synesthesia/github/synesthesia_zen/wxp/dgn/sw/limbus_bsp/\libchibios_v240_bsp.a(alt_tick.o)
 .bss           0x0180cb0c        0x0 G:/WorK/Synesthesia/github/synesthesia_zen/wxp/dgn/sw/limbus_bsp/\libchibios_v240_bsp.a(altera_nios2_qsys_irq.o)
 .bss           0x0180cb0c        0x0 G:/WorK/Synesthesia/github/synesthesia_zen/wxp/dgn/sw/limbus_bsp/\libchibios_v240_bsp.a(chcore.o)
 .bss           0x0180cb0c        0x0 G:/WorK/Synesthesia/github/synesthesia_zen/wxp/dgn/sw/limbus_bsp/\libchibios_v240_bsp.a(alt_exception_entry.o)
 .bss           0x0180cb0c        0x0 G:/WorK/Synesthesia/github/synesthesia_zen/wxp/dgn/sw/limbus_bsp/\libchibios_v240_bsp.a(alt_find_dev.o)
 .bss           0x0180cb0c        0x0 G:/WorK/Synesthesia/github/synesthesia_zen/wxp/dgn/sw/limbus_bsp/\libchibios_v240_bsp.a(alt_find_file.o)
 .bss           0x0180cb0c        0x0 G:/WorK/Synesthesia/github/synesthesia_zen/wxp/dgn/sw/limbus_bsp/\libchibios_v240_bsp.a(alt_get_fd.o)
 .bss           0x0180cb0c        0x0 c:/altera/11.1sp2/nios2eds/bin/gnu/h-i686-mingw32/bin/../lib/gcc/nios2-elf/4.1.2/../../../../nios2-elf/lib/mno-hw-mul\libc.a(lib_a-atexit.o)
 .bss           0x0180cb0c        0x0 c:/altera/11.1sp2/nios2eds/bin/gnu/h-i686-mingw32/bin/../lib/gcc/nios2-elf/4.1.2/../../../../nios2-elf/lib/mno-hw-mul\libc.a(lib_a-exit.o)
 .bss           0x0180cb0c        0x0 c:/altera/11.1sp2/nios2eds/bin/gnu/h-i686-mingw32/bin/../lib/gcc/nios2-elf/4.1.2/../../../../nios2-elf/lib/mno-hw-mul\libc.a(lib_a-fputs.o)
 .bss           0x0180cb0c        0x0 c:/altera/11.1sp2/nios2eds/bin/gnu/h-i686-mingw32/bin/../lib/gcc/nios2-elf/4.1.2/../../../../nios2-elf/lib/mno-hw-mul\libc.a(lib_a-fvwrite.o)
 .bss           0x0180cb0c        0x0 c:/altera/11.1sp2/nios2eds/bin/gnu/h-i686-mingw32/bin/../lib/gcc/nios2-elf/4.1.2/../../../../nios2-elf/lib/mno-hw-mul\libc.a(lib_a-impure.o)
 .bss           0x0180cb0c        0x0 c:/altera/11.1sp2/nios2eds/bin/gnu/h-i686-mingw32/bin/../lib/gcc/nios2-elf/4.1.2/../../../../nios2-elf/lib/mno-hw-mul\libc.a(lib_a-int_errno.o)
 .bss           0x0180cb0c       0x28 c:/altera/11.1sp2/nios2eds/bin/gnu/h-i686-mingw32/bin/../lib/gcc/nios2-elf/4.1.2/../../../../nios2-elf/lib/mno-hw-mul\libc.a(lib_a-mallocr.o)
                0x0180cb0c                __malloc_current_mallinfo
 .bss           0x0180cb34        0x0 c:/altera/11.1sp2/nios2eds/bin/gnu/h-i686-mingw32/bin/../lib/gcc/nios2-elf/4.1.2/../../../../nios2-elf/lib/mno-hw-mul\libc.a(lib_a-memchr.o)
 .bss           0x0180cb34        0x0 c:/altera/11.1sp2/nios2eds/bin/gnu/h-i686-mingw32/bin/../lib/gcc/nios2-elf/4.1.2/../../../../nios2-elf/lib/mno-hw-mul\libc.a(lib_a-memcmp.o)
 .bss           0x0180cb34        0x0 c:/altera/11.1sp2/nios2eds/bin/gnu/h-i686-mingw32/bin/../lib/gcc/nios2-elf/4.1.2/../../../../nios2-elf/lib/mno-hw-mul\libc.a(lib_a-memcpy.o)
 .bss           0x0180cb34        0x0 c:/altera/11.1sp2/nios2eds/bin/gnu/h-i686-mingw32/bin/../lib/gcc/nios2-elf/4.1.2/../../../../nios2-elf/lib/mno-hw-mul\libc.a(lib_a-memmove.o)
 .bss           0x0180cb34        0x0 c:/altera/11.1sp2/nios2eds/bin/gnu/h-i686-mingw32/bin/../lib/gcc/nios2-elf/4.1.2/../../../../nios2-elf/lib/mno-hw-mul\libc.a(lib_a-putc.o)
 .bss           0x0180cb34        0x0 c:/altera/11.1sp2/nios2eds/bin/gnu/h-i686-mingw32/bin/../lib/gcc/nios2-elf/4.1.2/../../../../nios2-elf/lib/mno-hw-mul\libc.a(lib_a-reallocr.o)
 .bss           0x0180cb34        0x0 c:/altera/11.1sp2/nios2eds/bin/gnu/h-i686-mingw32/bin/../lib/gcc/nios2-elf/4.1.2/../../../../nios2-elf/lib/mno-hw-mul\libc.a(lib_a-sbrkr.o)
 .bss           0x0180cb34        0x0 c:/altera/11.1sp2/nios2eds/bin/gnu/h-i686-mingw32/bin/../lib/gcc/nios2-elf/4.1.2/../../../../nios2-elf/lib/mno-hw-mul\libc.a(lib_a-strlen.o)
 .bss           0x0180cb34        0x0 c:/altera/11.1sp2/nios2eds/bin/gnu/h-i686-mingw32/bin/../lib/gcc/nios2-elf/4.1.2/../../../../nios2-elf/lib/mno-hw-mul\libc.a(lib_a-wbuf.o)
 .bss           0x0180cb34        0x0 c:/altera/11.1sp2/nios2eds/bin/gnu/h-i686-mingw32/bin/../lib/gcc/nios2-elf/4.1.2/../../../../nios2-elf/lib/mno-hw-mul\libc.a(lib_a-wsetup.o)
 .bss           0x0180cb34        0x0 c:/altera/11.1sp2/nios2eds/bin/gnu/h-i686-mingw32/bin/../lib/gcc/nios2-elf/4.1.2/../../../../nios2-elf/lib/mno-hw-mul\libc.a(lib_a-__atexit.o)
 .bss           0x0180cb34        0x0 c:/altera/11.1sp2/nios2eds/bin/gnu/h-i686-mingw32/bin/../lib/gcc/nios2-elf/4.1.2/../../../../nios2-elf/lib/mno-hw-mul\libc.a(lib_a-__call_atexit.o)
 .bss           0x0180cb34        0x0 c:/altera/11.1sp2/nios2eds/bin/gnu/h-i686-mingw32/bin/../lib/gcc/nios2-elf/4.1.2/../../../../nios2-elf/lib/mno-hw-mul\libc.a(lib_a-fflush.o)
 .bss           0x0180cb34        0x0 c:/altera/11.1sp2/nios2eds/bin/gnu/h-i686-mingw32/bin/../lib/gcc/nios2-elf/4.1.2/../../../../nios2-elf/lib/mno-hw-mul\libc.a(lib_a-findfp.o)
 .bss           0x0180cb34        0x0 c:/altera/11.1sp2/nios2eds/bin/gnu/h-i686-mingw32/bin/../lib/gcc/nios2-elf/4.1.2/../../../../nios2-elf/lib/mno-hw-mul\libc.a(lib_a-freer.o)
 .bss           0x0180cb34        0x0 c:/altera/11.1sp2/nios2eds/bin/gnu/h-i686-mingw32/bin/../lib/gcc/nios2-elf/4.1.2/../../../../nios2-elf/lib/mno-hw-mul\libc.a(lib_a-fwalk.o)
 .bss           0x0180cb34        0x0 c:/altera/11.1sp2/nios2eds/bin/gnu/h-i686-mingw32/bin/../lib/gcc/nios2-elf/4.1.2/../../../../nios2-elf/lib/mno-hw-mul\libc.a(lib_a-makebuf.o)
 .bss           0x0180cb34        0x0 c:/altera/11.1sp2/nios2eds/bin/gnu/h-i686-mingw32/bin/../lib/gcc/nios2-elf/4.1.2/../../../../nios2-elf/lib/mno-hw-mul\libc.a(lib_a-memset.o)
 .bss           0x0180cb34        0x0 c:/altera/11.1sp2/nios2eds/bin/gnu/h-i686-mingw32/bin/../lib/gcc/nios2-elf/4.1.2/../../../../nios2-elf/lib/mno-hw-mul\libc.a(lib_a-stdio.o)
 .bss           0x0180cb34        0x0 c:/altera/11.1sp2/nios2eds/bin/gnu/h-i686-mingw32/bin/../lib/gcc/nios2-elf/4.1.2/../../../../nios2-elf/lib/mno-hw-mul\libc.a(lib_a-writer.o)
 .bss           0x0180cb34        0x0 c:/altera/11.1sp2/nios2eds/bin/gnu/h-i686-mingw32/bin/../lib/gcc/nios2-elf/4.1.2/../../../../nios2-elf/lib/mno-hw-mul\libc.a(lib_a-closer.o)
 .bss           0x0180cb34        0x0 c:/altera/11.1sp2/nios2eds/bin/gnu/h-i686-mingw32/bin/../lib/gcc/nios2-elf/4.1.2/../../../../nios2-elf/lib/mno-hw-mul\libc.a(lib_a-fclose.o)
 .bss           0x0180cb34        0x0 c:/altera/11.1sp2/nios2eds/bin/gnu/h-i686-mingw32/bin/../lib/gcc/nios2-elf/4.1.2/../../../../nios2-elf/lib/mno-hw-mul\libc.a(lib_a-fstatr.o)
 .bss           0x0180cb34        0x0 c:/altera/11.1sp2/nios2eds/bin/gnu/h-i686-mingw32/bin/../lib/gcc/nios2-elf/4.1.2/../../../../nios2-elf/lib/mno-hw-mul\libc.a(lib_a-isattyr.o)
 .bss           0x0180cb34        0x0 c:/altera/11.1sp2/nios2eds/bin/gnu/h-i686-mingw32/bin/../lib/gcc/nios2-elf/4.1.2/../../../../nios2-elf/lib/mno-hw-mul\libc.a(lib_a-lseekr.o)
 .bss           0x0180cb34        0x0 c:/altera/11.1sp2/nios2eds/bin/gnu/h-i686-mingw32/bin/../lib/gcc/nios2-elf/4.1.2/../../../../nios2-elf/lib/mno-hw-mul\libc.a(lib_a-readr.o)
 .bss           0x0180cb34        0x0 c:/altera/11.1sp2/nios2eds/bin/gnu/h-i686-mingw32/bin/../lib/gcc/nios2-elf/4.1.2/mno-hw-mul\libgcc.a(lib2-mul.o)
 .bss           0x0180cb34        0x0 G:/WorK/Synesthesia/github/synesthesia_zen/wxp/dgn/sw/limbus_bsp/\libchibios_v240_bsp.a(alt_exit.o)
 .bss           0x0180cb34        0x0 G:/WorK/Synesthesia/github/synesthesia_zen/wxp/dgn/sw/limbus_bsp/\libchibios_v240_bsp.a(alt_fstat.o)
 .bss           0x0180cb34        0x0 G:/WorK/Synesthesia/github/synesthesia_zen/wxp/dgn/sw/limbus_bsp/\libchibios_v240_bsp.a(alt_isatty.o)
 .bss           0x0180cb34        0x0 G:/WorK/Synesthesia/github/synesthesia_zen/wxp/dgn/sw/limbus_bsp/\libchibios_v240_bsp.a(alt_lseek.o)
 .bss           0x0180cb34        0x0 G:/WorK/Synesthesia/github/synesthesia_zen/wxp/dgn/sw/limbus_bsp/\libchibios_v240_bsp.a(alt_malloc_lock.o)
 .bss           0x0180cb34        0x0 G:/WorK/Synesthesia/github/synesthesia_zen/wxp/dgn/sw/limbus_bsp/\libchibios_v240_bsp.a(alt_read.o)
 .bss           0x0180cb34        0x0 G:/WorK/Synesthesia/github/synesthesia_zen/wxp/dgn/sw/limbus_bsp/\libchibios_v240_bsp.a(alt_sbrk.o)
 .bss           0x0180cb34        0x0 G:/WorK/Synesthesia/github/synesthesia_zen/wxp/dgn/sw/limbus_bsp/\libchibios_v240_bsp.a(alt_write.o)
 *(COMMON)
 COMMON         0x0180cb34       0x10 G:/WorK/Synesthesia/github/synesthesia_zen/wxp/dgn/sw/limbus_bsp/\libchibios_v240_bsp.a(chvt.o)
                0x0180cb34                vtlist
 COMMON         0x0180cb44       0x20 G:/WorK/Synesthesia/github/synesthesia_zen/wxp/dgn/sw/limbus_bsp/\libchibios_v240_bsp.a(chschd.o)
                0x0180cb44                rlist
 COMMON         0x0180cb64      0x1c0 G:/WorK/Synesthesia/github/synesthesia_zen/wxp/dgn/sw/limbus_bsp/\libchibios_v240_bsp.a(chsys.o)
                0x0180cb64                _idle_thread_wa
 COMMON         0x0180cd24      0x100 G:/WorK/Synesthesia/github/synesthesia_zen/wxp/dgn/sw/limbus_bsp/\libchibios_v240_bsp.a(alt_irq_handler.o)
                0x0180cd24                alt_irq
 COMMON         0x0180ce24      0x190 c:/altera/11.1sp2/nios2eds/bin/gnu/h-i686-mingw32/bin/../lib/gcc/nios2-elf/4.1.2/../../../../nios2-elf/lib/mno-hw-mul\libc.a(lib_a-atexit.o)
                0x0180ce24                _atexit0
                0x0180cfb4                . = ALIGN (0x4)
                0x0180cfb4                __bss_end = ABSOLUTE (.)

.sdram          0x0180cfb4        0x0
                0x0180cfb4                PROVIDE (_alt_partition_sdram_start, ABSOLUTE (.))
 *(.sdram. sdram.*)
                0x0180cfb4                . = ALIGN (0x4)
                0x0180cfb4                PROVIDE (_alt_partition_sdram_end, ABSOLUTE (.))
                0x0180cfb4                _end = ABSOLUTE (.)
                0x0180cfb4                end = ABSOLUTE (.)
                0x0180cfb4                __alt_stack_base = ABSOLUTE (.)
                0x0180cfb4                PROVIDE (_alt_partition_sdram_load_addr, LOADADDR (.sdram))

.stab
 *(.stab)

.stabstr
 *(.stabstr)

.stab.excl
 *(.stab.excl)

.stab.exclstr
 *(.stab.exclstr)

.stab.index
 *(.stab.index)

.stab.indexstr
 *(.stab.indexstr)

.comment        0x00000000       0x26
 *(.comment)
 .comment       0x00000000       0x26 obj/default/ledos/cortex/vcortex/gpu/gpu.o
                                 0x27 (size before relaxing)
 .comment       0x00000000       0x27 obj/default/ledos/cortex/vcortex/vga/vga.o
 .comment       0x00000000       0x27 obj/default/ledos/graphics/graphics.o
 .comment       0x00000000       0x27 obj/default/main.o
 .comment       0x00000000       0x27 G:/WorK/Synesthesia/github/synesthesia_zen/wxp/dgn/sw/limbus_bsp/\libchibios_v240_bsp.a(chthreads.o)
 .comment       0x00000000       0x27 G:/WorK/Synesthesia/github/synesthesia_zen/wxp/dgn/sw/limbus_bsp/\libchibios_v240_bsp.a(chvt.o)
 .comment       0x00000000       0x27 G:/WorK/Synesthesia/github/synesthesia_zen/wxp/dgn/sw/limbus_bsp/\libchibios_v240_bsp.a(alt_load.o)
 .comment       0x00000000       0x27 G:/WorK/Synesthesia/github/synesthesia_zen/wxp/dgn/sw/limbus_bsp/\libchibios_v240_bsp.a(alt_main.o)
 .comment       0x00000000       0x27 G:/WorK/Synesthesia/github/synesthesia_zen/wxp/dgn/sw/limbus_bsp/\libchibios_v240_bsp.a(alt_printf.o)
 .comment       0x00000000       0x27 G:/WorK/Synesthesia/github/synesthesia_zen/wxp/dgn/sw/limbus_bsp/\libchibios_v240_bsp.a(alt_putchar.o)
 .comment       0x00000000       0x27 G:/WorK/Synesthesia/github/synesthesia_zen/wxp/dgn/sw/limbus_bsp/\libchibios_v240_bsp.a(alt_putstr.o)
 .comment       0x00000000       0x27 G:/WorK/Synesthesia/github/synesthesia_zen/wxp/dgn/sw/limbus_bsp/\libchibios_v240_bsp.a(alt_sys_init.o)
 .comment       0x00000000       0x27 G:/WorK/Synesthesia/github/synesthesia_zen/wxp/dgn/sw/limbus_bsp/\libchibios_v240_bsp.a(altera_avalon_jtag_uart_fd.o)
 .comment       0x00000000       0x27 G:/WorK/Synesthesia/github/synesthesia_zen/wxp/dgn/sw/limbus_bsp/\libchibios_v240_bsp.a(altera_avalon_jtag_uart_init.o)
 .comment       0x00000000       0x27 G:/WorK/Synesthesia/github/synesthesia_zen/wxp/dgn/sw/limbus_bsp/\libchibios_v240_bsp.a(altera_avalon_jtag_uart_ioctl.o)
 .comment       0x00000000       0x27 G:/WorK/Synesthesia/github/synesthesia_zen/wxp/dgn/sw/limbus_bsp/\libchibios_v240_bsp.a(altera_avalon_jtag_uart_read.o)
 .comment       0x00000000       0x27 G:/WorK/Synesthesia/github/synesthesia_zen/wxp/dgn/sw/limbus_bsp/\libchibios_v240_bsp.a(altera_avalon_jtag_uart_write.o)
 .comment       0x00000000       0x27 G:/WorK/Synesthesia/github/synesthesia_zen/wxp/dgn/sw/limbus_bsp/\libchibios_v240_bsp.a(altera_avalon_timer_sc.o)
 .comment       0x00000000       0x27 G:/WorK/Synesthesia/github/synesthesia_zen/wxp/dgn/sw/limbus_bsp/\libchibios_v240_bsp.a(altera_avalon_uart_fd.o)
 .comment       0x00000000       0x27 G:/WorK/Synesthesia/github/synesthesia_zen/wxp/dgn/sw/limbus_bsp/\libchibios_v240_bsp.a(altera_avalon_uart_init.o)
 .comment       0x00000000       0x27 G:/WorK/Synesthesia/github/synesthesia_zen/wxp/dgn/sw/limbus_bsp/\libchibios_v240_bsp.a(altera_avalon_uart_read.o)
 .comment       0x00000000       0x27 G:/WorK/Synesthesia/github/synesthesia_zen/wxp/dgn/sw/limbus_bsp/\libchibios_v240_bsp.a(altera_avalon_uart_write.o)
 .comment       0x00000000       0x27 G:/WorK/Synesthesia/github/synesthesia_zen/wxp/dgn/sw/limbus_bsp/\libchibios_v240_bsp.a(chdynamic.o)
 .comment       0x00000000       0x27 G:/WorK/Synesthesia/github/synesthesia_zen/wxp/dgn/sw/limbus_bsp/\libchibios_v240_bsp.a(chheap.o)
 .comment       0x00000000       0x27 G:/WorK/Synesthesia/github/synesthesia_zen/wxp/dgn/sw/limbus_bsp/\libchibios_v240_bsp.a(chmemcore.o)
 .comment       0x00000000       0x27 G:/WorK/Synesthesia/github/synesthesia_zen/wxp/dgn/sw/limbus_bsp/\libchibios_v240_bsp.a(chmempools.o)
 .comment       0x00000000       0x27 G:/WorK/Synesthesia/github/synesthesia_zen/wxp/dgn/sw/limbus_bsp/\libchibios_v240_bsp.a(chmtx.o)
 .comment       0x00000000       0x27 G:/WorK/Synesthesia/github/synesthesia_zen/wxp/dgn/sw/limbus_bsp/\libchibios_v240_bsp.a(chschd.o)
 .comment       0x00000000       0x27 G:/WorK/Synesthesia/github/synesthesia_zen/wxp/dgn/sw/limbus_bsp/\libchibios_v240_bsp.a(chsys.o)
 .comment       0x00000000       0x27 G:/WorK/Synesthesia/github/synesthesia_zen/wxp/dgn/sw/limbus_bsp/\libchibios_v240_bsp.a(alt_alarm_start.o)
 .comment       0x00000000       0x27 G:/WorK/Synesthesia/github/synesthesia_zen/wxp/dgn/sw/limbus_bsp/\libchibios_v240_bsp.a(alt_close.o)
 .comment       0x00000000       0x27 G:/WorK/Synesthesia/github/synesthesia_zen/wxp/dgn/sw/limbus_bsp/\libchibios_v240_bsp.a(alt_dcache_flush_all.o)
 .comment       0x00000000       0x27 G:/WorK/Synesthesia/github/synesthesia_zen/wxp/dgn/sw/limbus_bsp/\libchibios_v240_bsp.a(alt_dev.o)
 .comment       0x00000000       0x27 G:/WorK/Synesthesia/github/synesthesia_zen/wxp/dgn/sw/limbus_bsp/\libchibios_v240_bsp.a(alt_dev_llist_insert.o)
 .comment       0x00000000       0x27 G:/WorK/Synesthesia/github/synesthesia_zen/wxp/dgn/sw/limbus_bsp/\libchibios_v240_bsp.a(alt_do_ctors.o)
 .comment       0x00000000       0x27 G:/WorK/Synesthesia/github/synesthesia_zen/wxp/dgn/sw/limbus_bsp/\libchibios_v240_bsp.a(alt_do_dtors.o)
 .comment       0x00000000       0x27 G:/WorK/Synesthesia/github/synesthesia_zen/wxp/dgn/sw/limbus_bsp/\libchibios_v240_bsp.a(alt_errno.o)
 .comment       0x00000000       0x27 G:/WorK/Synesthesia/github/synesthesia_zen/wxp/dgn/sw/limbus_bsp/\libchibios_v240_bsp.a(alt_icache_flush_all.o)
 .comment       0x00000000       0x27 G:/WorK/Synesthesia/github/synesthesia_zen/wxp/dgn/sw/limbus_bsp/\libchibios_v240_bsp.a(alt_iic.o)
 .comment       0x00000000       0x27 G:/WorK/Synesthesia/github/synesthesia_zen/wxp/dgn/sw/limbus_bsp/\libchibios_v240_bsp.a(alt_iic_isr_register.o)
 .comment       0x00000000       0x27 G:/WorK/Synesthesia/github/synesthesia_zen/wxp/dgn/sw/limbus_bsp/\libchibios_v240_bsp.a(alt_io_redirect.o)
 .comment       0x00000000       0x27 G:/WorK/Synesthesia/github/synesthesia_zen/wxp/dgn/sw/limbus_bsp/\libchibios_v240_bsp.a(alt_irq_handler.o)
 .comment       0x00000000       0x27 G:/WorK/Synesthesia/github/synesthesia_zen/wxp/dgn/sw/limbus_bsp/\libchibios_v240_bsp.a(alt_irq_vars.o)
 .comment       0x00000000       0x27 G:/WorK/Synesthesia/github/synesthesia_zen/wxp/dgn/sw/limbus_bsp/\libchibios_v240_bsp.a(alt_open.o)
 .comment       0x00000000       0x27 G:/WorK/Synesthesia/github/synesthesia_zen/wxp/dgn/sw/limbus_bsp/\libchibios_v240_bsp.a(alt_release_fd.o)
 .comment       0x00000000       0x27 G:/WorK/Synesthesia/github/synesthesia_zen/wxp/dgn/sw/limbus_bsp/\libchibios_v240_bsp.a(alt_tick.o)
 .comment       0x00000000       0x27 G:/WorK/Synesthesia/github/synesthesia_zen/wxp/dgn/sw/limbus_bsp/\libchibios_v240_bsp.a(altera_nios2_qsys_irq.o)
 .comment       0x00000000       0x27 G:/WorK/Synesthesia/github/synesthesia_zen/wxp/dgn/sw/limbus_bsp/\libchibios_v240_bsp.a(chcore.o)
 .comment       0x00000000       0x27 G:/WorK/Synesthesia/github/synesthesia_zen/wxp/dgn/sw/limbus_bsp/\libchibios_v240_bsp.a(alt_find_dev.o)
 .comment       0x00000000       0x27 G:/WorK/Synesthesia/github/synesthesia_zen/wxp/dgn/sw/limbus_bsp/\libchibios_v240_bsp.a(alt_find_file.o)
 .comment       0x00000000       0x27 G:/WorK/Synesthesia/github/synesthesia_zen/wxp/dgn/sw/limbus_bsp/\libchibios_v240_bsp.a(alt_get_fd.o)
 .comment       0x00000000       0x27 c:/altera/11.1sp2/nios2eds/bin/gnu/h-i686-mingw32/bin/../lib/gcc/nios2-elf/4.1.2/../../../../nios2-elf/lib/mno-hw-mul\libc.a(lib_a-atexit.o)
 .comment       0x00000000       0x27 c:/altera/11.1sp2/nios2eds/bin/gnu/h-i686-mingw32/bin/../lib/gcc/nios2-elf/4.1.2/../../../../nios2-elf/lib/mno-hw-mul\libc.a(lib_a-exit.o)
 .comment       0x00000000       0x27 c:/altera/11.1sp2/nios2eds/bin/gnu/h-i686-mingw32/bin/../lib/gcc/nios2-elf/4.1.2/../../../../nios2-elf/lib/mno-hw-mul\libc.a(lib_a-fputs.o)
 .comment       0x00000000       0x27 c:/altera/11.1sp2/nios2eds/bin/gnu/h-i686-mingw32/bin/../lib/gcc/nios2-elf/4.1.2/../../../../nios2-elf/lib/mno-hw-mul\libc.a(lib_a-fvwrite.o)
 .comment       0x00000000       0x27 c:/altera/11.1sp2/nios2eds/bin/gnu/h-i686-mingw32/bin/../lib/gcc/nios2-elf/4.1.2/../../../../nios2-elf/lib/mno-hw-mul\libc.a(lib_a-impure.o)
 .comment       0x00000000       0x27 c:/altera/11.1sp2/nios2eds/bin/gnu/h-i686-mingw32/bin/../lib/gcc/nios2-elf/4.1.2/../../../../nios2-elf/lib/mno-hw-mul\libc.a(lib_a-int_errno.o)
 .comment       0x00000000       0x27 c:/altera/11.1sp2/nios2eds/bin/gnu/h-i686-mingw32/bin/../lib/gcc/nios2-elf/4.1.2/../../../../nios2-elf/lib/mno-hw-mul\libc.a(lib_a-mallocr.o)
 .comment       0x00000000       0x27 c:/altera/11.1sp2/nios2eds/bin/gnu/h-i686-mingw32/bin/../lib/gcc/nios2-elf/4.1.2/../../../../nios2-elf/lib/mno-hw-mul\libc.a(lib_a-memchr.o)
 .comment       0x00000000       0x27 c:/altera/11.1sp2/nios2eds/bin/gnu/h-i686-mingw32/bin/../lib/gcc/nios2-elf/4.1.2/../../../../nios2-elf/lib/mno-hw-mul\libc.a(lib_a-memcmp.o)
 .comment       0x00000000       0x27 c:/altera/11.1sp2/nios2eds/bin/gnu/h-i686-mingw32/bin/../lib/gcc/nios2-elf/4.1.2/../../../../nios2-elf/lib/mno-hw-mul\libc.a(lib_a-memcpy.o)
 .comment       0x00000000       0x27 c:/altera/11.1sp2/nios2eds/bin/gnu/h-i686-mingw32/bin/../lib/gcc/nios2-elf/4.1.2/../../../../nios2-elf/lib/mno-hw-mul\libc.a(lib_a-memmove.o)
 .comment       0x00000000       0x27 c:/altera/11.1sp2/nios2eds/bin/gnu/h-i686-mingw32/bin/../lib/gcc/nios2-elf/4.1.2/../../../../nios2-elf/lib/mno-hw-mul\libc.a(lib_a-putc.o)
 .comment       0x00000000       0x27 c:/altera/11.1sp2/nios2eds/bin/gnu/h-i686-mingw32/bin/../lib/gcc/nios2-elf/4.1.2/../../../../nios2-elf/lib/mno-hw-mul\libc.a(lib_a-reallocr.o)
 .comment       0x00000000       0x27 c:/altera/11.1sp2/nios2eds/bin/gnu/h-i686-mingw32/bin/../lib/gcc/nios2-elf/4.1.2/../../../../nios2-elf/lib/mno-hw-mul\libc.a(lib_a-sbrkr.o)
 .comment       0x00000000       0x27 c:/altera/11.1sp2/nios2eds/bin/gnu/h-i686-mingw32/bin/../lib/gcc/nios2-elf/4.1.2/../../../../nios2-elf/lib/mno-hw-mul\libc.a(lib_a-strlen.o)
 .comment       0x00000000       0x27 c:/altera/11.1sp2/nios2eds/bin/gnu/h-i686-mingw32/bin/../lib/gcc/nios2-elf/4.1.2/../../../../nios2-elf/lib/mno-hw-mul\libc.a(lib_a-wbuf.o)
 .comment       0x00000000       0x27 c:/altera/11.1sp2/nios2eds/bin/gnu/h-i686-mingw32/bin/../lib/gcc/nios2-elf/4.1.2/../../../../nios2-elf/lib/mno-hw-mul\libc.a(lib_a-wsetup.o)
 .comment       0x00000000       0x27 c:/altera/11.1sp2/nios2eds/bin/gnu/h-i686-mingw32/bin/../lib/gcc/nios2-elf/4.1.2/../../../../nios2-elf/lib/mno-hw-mul\libc.a(lib_a-__atexit.o)
 .comment       0x00000000       0x27 c:/altera/11.1sp2/nios2eds/bin/gnu/h-i686-mingw32/bin/../lib/gcc/nios2-elf/4.1.2/../../../../nios2-elf/lib/mno-hw-mul\libc.a(lib_a-__call_atexit.o)
 .comment       0x00000000       0x27 c:/altera/11.1sp2/nios2eds/bin/gnu/h-i686-mingw32/bin/../lib/gcc/nios2-elf/4.1.2/../../../../nios2-elf/lib/mno-hw-mul\libc.a(lib_a-fflush.o)
 .comment       0x00000000       0x27 c:/altera/11.1sp2/nios2eds/bin/gnu/h-i686-mingw32/bin/../lib/gcc/nios2-elf/4.1.2/../../../../nios2-elf/lib/mno-hw-mul\libc.a(lib_a-findfp.o)
 .comment       0x00000000       0x27 c:/altera/11.1sp2/nios2eds/bin/gnu/h-i686-mingw32/bin/../lib/gcc/nios2-elf/4.1.2/../../../../nios2-elf/lib/mno-hw-mul\libc.a(lib_a-freer.o)
 .comment       0x00000000       0x27 c:/altera/11.1sp2/nios2eds/bin/gnu/h-i686-mingw32/bin/../lib/gcc/nios2-elf/4.1.2/../../../../nios2-elf/lib/mno-hw-mul\libc.a(lib_a-fwalk.o)
 .comment       0x00000000       0x27 c:/altera/11.1sp2/nios2eds/bin/gnu/h-i686-mingw32/bin/../lib/gcc/nios2-elf/4.1.2/../../../../nios2-elf/lib/mno-hw-mul\libc.a(lib_a-makebuf.o)
 .comment       0x00000000       0x27 c:/altera/11.1sp2/nios2eds/bin/gnu/h-i686-mingw32/bin/../lib/gcc/nios2-elf/4.1.2/../../../../nios2-elf/lib/mno-hw-mul\libc.a(lib_a-memset.o)
 .comment       0x00000000       0x27 c:/altera/11.1sp2/nios2eds/bin/gnu/h-i686-mingw32/bin/../lib/gcc/nios2-elf/4.1.2/../../../../nios2-elf/lib/mno-hw-mul\libc.a(lib_a-stdio.o)
 .comment       0x00000000       0x27 c:/altera/11.1sp2/nios2eds/bin/gnu/h-i686-mingw32/bin/../lib/gcc/nios2-elf/4.1.2/../../../../nios2-elf/lib/mno-hw-mul\libc.a(lib_a-writer.o)
 .comment       0x00000000       0x27 c:/altera/11.1sp2/nios2eds/bin/gnu/h-i686-mingw32/bin/../lib/gcc/nios2-elf/4.1.2/../../../../nios2-elf/lib/mno-hw-mul\libc.a(lib_a-closer.o)
 .comment       0x00000000       0x27 c:/altera/11.1sp2/nios2eds/bin/gnu/h-i686-mingw32/bin/../lib/gcc/nios2-elf/4.1.2/../../../../nios2-elf/lib/mno-hw-mul\libc.a(lib_a-fclose.o)
 .comment       0x00000000       0x27 c:/altera/11.1sp2/nios2eds/bin/gnu/h-i686-mingw32/bin/../lib/gcc/nios2-elf/4.1.2/../../../../nios2-elf/lib/mno-hw-mul\libc.a(lib_a-fstatr.o)
 .comment       0x00000000       0x27 c:/altera/11.1sp2/nios2eds/bin/gnu/h-i686-mingw32/bin/../lib/gcc/nios2-elf/4.1.2/../../../../nios2-elf/lib/mno-hw-mul\libc.a(lib_a-isattyr.o)
 .comment       0x00000000       0x27 c:/altera/11.1sp2/nios2eds/bin/gnu/h-i686-mingw32/bin/../lib/gcc/nios2-elf/4.1.2/../../../../nios2-elf/lib/mno-hw-mul\libc.a(lib_a-lseekr.o)
 .comment       0x00000000       0x27 c:/altera/11.1sp2/nios2eds/bin/gnu/h-i686-mingw32/bin/../lib/gcc/nios2-elf/4.1.2/../../../../nios2-elf/lib/mno-hw-mul\libc.a(lib_a-readr.o)
 .comment       0x00000000       0x27 c:/altera/11.1sp2/nios2eds/bin/gnu/h-i686-mingw32/bin/../lib/gcc/nios2-elf/4.1.2/mno-hw-mul\libgcc.a(lib2-mul.o)
 .comment       0x00000000       0x27 G:/WorK/Synesthesia/github/synesthesia_zen/wxp/dgn/sw/limbus_bsp/\libchibios_v240_bsp.a(alt_exit.o)
 .comment       0x00000000       0x27 G:/WorK/Synesthesia/github/synesthesia_zen/wxp/dgn/sw/limbus_bsp/\libchibios_v240_bsp.a(alt_fstat.o)
 .comment       0x00000000       0x27 G:/WorK/Synesthesia/github/synesthesia_zen/wxp/dgn/sw/limbus_bsp/\libchibios_v240_bsp.a(alt_isatty.o)
 .comment       0x00000000       0x27 G:/WorK/Synesthesia/github/synesthesia_zen/wxp/dgn/sw/limbus_bsp/\libchibios_v240_bsp.a(alt_lseek.o)
 .comment       0x00000000       0x27 G:/WorK/Synesthesia/github/synesthesia_zen/wxp/dgn/sw/limbus_bsp/\libchibios_v240_bsp.a(alt_malloc_lock.o)
 .comment       0x00000000       0x27 G:/WorK/Synesthesia/github/synesthesia_zen/wxp/dgn/sw/limbus_bsp/\libchibios_v240_bsp.a(alt_read.o)
 .comment       0x00000000       0x27 G:/WorK/Synesthesia/github/synesthesia_zen/wxp/dgn/sw/limbus_bsp/\libchibios_v240_bsp.a(alt_sbrk.o)
 .comment       0x00000000       0x27 G:/WorK/Synesthesia/github/synesthesia_zen/wxp/dgn/sw/limbus_bsp/\libchibios_v240_bsp.a(alt_write.o)

.debug
 *(.debug)

.line
 *(.line)

.debug_srcinfo
 *(.debug_srcinfo)

.debug_sfnames
 *(.debug_sfnames)

.debug_aranges  0x00000000      0xbb8
 *(.debug_aranges)
 .debug_aranges
                0x00000000       0x28 G:/WorK/Synesthesia/github/synesthesia_zen/wxp/dgn/sw/limbus_bsp//obj/HAL/src/crt0.o
 .debug_aranges
                0x00000028       0x20 obj/default/ledos/cortex/vcortex/vga/vga.o
 .debug_aranges
                0x00000048       0x20 obj/default/ledos/graphics/graphics.o
 .debug_aranges
                0x00000068       0x20 obj/default/main.o
 .debug_aranges
                0x00000088       0x20 G:/WorK/Synesthesia/github/synesthesia_zen/wxp/dgn/sw/limbus_bsp/\libchibios_v240_bsp.a(chthreads.o)
 .debug_aranges
                0x000000a8       0x20 G:/WorK/Synesthesia/github/synesthesia_zen/wxp/dgn/sw/limbus_bsp/\libchibios_v240_bsp.a(chvt.o)
 .debug_aranges
                0x000000c8       0x20 G:/WorK/Synesthesia/github/synesthesia_zen/wxp/dgn/sw/limbus_bsp/\libchibios_v240_bsp.a(chcoreasm.o)
 .debug_aranges
                0x000000e8       0x20 G:/WorK/Synesthesia/github/synesthesia_zen/wxp/dgn/sw/limbus_bsp/\libchibios_v240_bsp.a(alt_load.o)
 .debug_aranges
                0x00000108       0x20 G:/WorK/Synesthesia/github/synesthesia_zen/wxp/dgn/sw/limbus_bsp/\libchibios_v240_bsp.a(alt_main.o)
 .debug_aranges
                0x00000128       0x20 G:/WorK/Synesthesia/github/synesthesia_zen/wxp/dgn/sw/limbus_bsp/\libchibios_v240_bsp.a(alt_printf.o)
 .debug_aranges
                0x00000148       0x20 G:/WorK/Synesthesia/github/synesthesia_zen/wxp/dgn/sw/limbus_bsp/\libchibios_v240_bsp.a(alt_putchar.o)
 .debug_aranges
                0x00000168       0x20 G:/WorK/Synesthesia/github/synesthesia_zen/wxp/dgn/sw/limbus_bsp/\libchibios_v240_bsp.a(alt_putstr.o)
 .debug_aranges
                0x00000188       0x20 G:/WorK/Synesthesia/github/synesthesia_zen/wxp/dgn/sw/limbus_bsp/\libchibios_v240_bsp.a(alt_sys_init.o)
 .debug_aranges
                0x000001a8       0x20 G:/WorK/Synesthesia/github/synesthesia_zen/wxp/dgn/sw/limbus_bsp/\libchibios_v240_bsp.a(altera_avalon_jtag_uart_fd.o)
 .debug_aranges
                0x000001c8       0x20 G:/WorK/Synesthesia/github/synesthesia_zen/wxp/dgn/sw/limbus_bsp/\libchibios_v240_bsp.a(altera_avalon_jtag_uart_init.o)
 .debug_aranges
                0x000001e8       0x20 G:/WorK/Synesthesia/github/synesthesia_zen/wxp/dgn/sw/limbus_bsp/\libchibios_v240_bsp.a(altera_avalon_jtag_uart_ioctl.o)
 .debug_aranges
                0x00000208       0x20 G:/WorK/Synesthesia/github/synesthesia_zen/wxp/dgn/sw/limbus_bsp/\libchibios_v240_bsp.a(altera_avalon_jtag_uart_read.o)
 .debug_aranges
                0x00000228       0x20 G:/WorK/Synesthesia/github/synesthesia_zen/wxp/dgn/sw/limbus_bsp/\libchibios_v240_bsp.a(altera_avalon_jtag_uart_write.o)
 .debug_aranges
                0x00000248       0x20 G:/WorK/Synesthesia/github/synesthesia_zen/wxp/dgn/sw/limbus_bsp/\libchibios_v240_bsp.a(altera_avalon_timer_sc.o)
 .debug_aranges
                0x00000268       0x20 G:/WorK/Synesthesia/github/synesthesia_zen/wxp/dgn/sw/limbus_bsp/\libchibios_v240_bsp.a(altera_avalon_uart_fd.o)
 .debug_aranges
                0x00000288       0x20 G:/WorK/Synesthesia/github/synesthesia_zen/wxp/dgn/sw/limbus_bsp/\libchibios_v240_bsp.a(altera_avalon_uart_init.o)
 .debug_aranges
                0x000002a8       0x20 G:/WorK/Synesthesia/github/synesthesia_zen/wxp/dgn/sw/limbus_bsp/\libchibios_v240_bsp.a(altera_avalon_uart_read.o)
 .debug_aranges
                0x000002c8       0x20 G:/WorK/Synesthesia/github/synesthesia_zen/wxp/dgn/sw/limbus_bsp/\libchibios_v240_bsp.a(altera_avalon_uart_write.o)
 .debug_aranges
                0x000002e8       0x20 G:/WorK/Synesthesia/github/synesthesia_zen/wxp/dgn/sw/limbus_bsp/\libchibios_v240_bsp.a(chdynamic.o)
 .debug_aranges
                0x00000308       0x20 G:/WorK/Synesthesia/github/synesthesia_zen/wxp/dgn/sw/limbus_bsp/\libchibios_v240_bsp.a(chheap.o)
 .debug_aranges
                0x00000328       0x20 G:/WorK/Synesthesia/github/synesthesia_zen/wxp/dgn/sw/limbus_bsp/\libchibios_v240_bsp.a(chmemcore.o)
 .debug_aranges
                0x00000348       0x20 G:/WorK/Synesthesia/github/synesthesia_zen/wxp/dgn/sw/limbus_bsp/\libchibios_v240_bsp.a(chmempools.o)
 .debug_aranges
                0x00000368       0x20 G:/WorK/Synesthesia/github/synesthesia_zen/wxp/dgn/sw/limbus_bsp/\libchibios_v240_bsp.a(chmtx.o)
 .debug_aranges
                0x00000388       0x20 G:/WorK/Synesthesia/github/synesthesia_zen/wxp/dgn/sw/limbus_bsp/\libchibios_v240_bsp.a(chschd.o)
 .debug_aranges
                0x000003a8       0x20 G:/WorK/Synesthesia/github/synesthesia_zen/wxp/dgn/sw/limbus_bsp/\libchibios_v240_bsp.a(chsys.o)
 .debug_aranges
                0x000003c8       0x20 G:/WorK/Synesthesia/github/synesthesia_zen/wxp/dgn/sw/limbus_bsp/\libchibios_v240_bsp.a(alt_alarm_start.o)
 .debug_aranges
                0x000003e8       0x20 G:/WorK/Synesthesia/github/synesthesia_zen/wxp/dgn/sw/limbus_bsp/\libchibios_v240_bsp.a(alt_close.o)
 .debug_aranges
                0x00000408       0x20 G:/WorK/Synesthesia/github/synesthesia_zen/wxp/dgn/sw/limbus_bsp/\libchibios_v240_bsp.a(alt_dcache_flush_all.o)
 .debug_aranges
                0x00000428       0x20 G:/WorK/Synesthesia/github/synesthesia_zen/wxp/dgn/sw/limbus_bsp/\libchibios_v240_bsp.a(alt_dev.o)
 .debug_aranges
                0x00000448       0x20 G:/WorK/Synesthesia/github/synesthesia_zen/wxp/dgn/sw/limbus_bsp/\libchibios_v240_bsp.a(alt_dev_llist_insert.o)
 .debug_aranges
                0x00000468       0x20 G:/WorK/Synesthesia/github/synesthesia_zen/wxp/dgn/sw/limbus_bsp/\libchibios_v240_bsp.a(alt_do_ctors.o)
 .debug_aranges
                0x00000488       0x20 G:/WorK/Synesthesia/github/synesthesia_zen/wxp/dgn/sw/limbus_bsp/\libchibios_v240_bsp.a(alt_do_dtors.o)
 .debug_aranges
                0x000004a8       0x20 G:/WorK/Synesthesia/github/synesthesia_zen/wxp/dgn/sw/limbus_bsp/\libchibios_v240_bsp.a(alt_icache_flush_all.o)
 .debug_aranges
                0x000004c8       0x20 G:/WorK/Synesthesia/github/synesthesia_zen/wxp/dgn/sw/limbus_bsp/\libchibios_v240_bsp.a(alt_iic.o)
 .debug_aranges
                0x000004e8       0x20 G:/WorK/Synesthesia/github/synesthesia_zen/wxp/dgn/sw/limbus_bsp/\libchibios_v240_bsp.a(alt_iic_isr_register.o)
 .debug_aranges
                0x00000508       0x20 G:/WorK/Synesthesia/github/synesthesia_zen/wxp/dgn/sw/limbus_bsp/\libchibios_v240_bsp.a(alt_io_redirect.o)
 .debug_aranges
                0x00000528       0x30 G:/WorK/Synesthesia/github/synesthesia_zen/wxp/dgn/sw/limbus_bsp/\libchibios_v240_bsp.a(alt_irq_entry.o)
 .debug_aranges
                0x00000558       0x28 G:/WorK/Synesthesia/github/synesthesia_zen/wxp/dgn/sw/limbus_bsp/\libchibios_v240_bsp.a(alt_irq_handler.o)
 .debug_aranges
                0x00000580       0x20 G:/WorK/Synesthesia/github/synesthesia_zen/wxp/dgn/sw/limbus_bsp/\libchibios_v240_bsp.a(alt_open.o)
 .debug_aranges
                0x000005a0       0x20 G:/WorK/Synesthesia/github/synesthesia_zen/wxp/dgn/sw/limbus_bsp/\libchibios_v240_bsp.a(alt_release_fd.o)
 .debug_aranges
                0x000005c0       0x20 G:/WorK/Synesthesia/github/synesthesia_zen/wxp/dgn/sw/limbus_bsp/\libchibios_v240_bsp.a(alt_tick.o)
 .debug_aranges
                0x000005e0       0x20 G:/WorK/Synesthesia/github/synesthesia_zen/wxp/dgn/sw/limbus_bsp/\libchibios_v240_bsp.a(altera_nios2_qsys_irq.o)
 .debug_aranges
                0x00000600       0x20 G:/WorK/Synesthesia/github/synesthesia_zen/wxp/dgn/sw/limbus_bsp/\libchibios_v240_bsp.a(chcore.o)
 .debug_aranges
                0x00000620       0x38 G:/WorK/Synesthesia/github/synesthesia_zen/wxp/dgn/sw/limbus_bsp/\libchibios_v240_bsp.a(alt_exception_entry.o)
 .debug_aranges
                0x00000658       0x20 G:/WorK/Synesthesia/github/synesthesia_zen/wxp/dgn/sw/limbus_bsp/\libchibios_v240_bsp.a(alt_find_dev.o)
 .debug_aranges
                0x00000678       0x20 G:/WorK/Synesthesia/github/synesthesia_zen/wxp/dgn/sw/limbus_bsp/\libchibios_v240_bsp.a(alt_find_file.o)
 .debug_aranges
                0x00000698       0x20 G:/WorK/Synesthesia/github/synesthesia_zen/wxp/dgn/sw/limbus_bsp/\libchibios_v240_bsp.a(alt_get_fd.o)
 .debug_aranges
                0x000006b8       0x20 c:/altera/11.1sp2/nios2eds/bin/gnu/h-i686-mingw32/bin/../lib/gcc/nios2-elf/4.1.2/../../../../nios2-elf/lib/mno-hw-mul\libc.a(lib_a-atexit.o)
 .debug_aranges
                0x000006d8       0x20 c:/altera/11.1sp2/nios2eds/bin/gnu/h-i686-mingw32/bin/../lib/gcc/nios2-elf/4.1.2/../../../../nios2-elf/lib/mno-hw-mul\libc.a(lib_a-exit.o)
 .debug_aranges
                0x000006f8       0x20 c:/altera/11.1sp2/nios2eds/bin/gnu/h-i686-mingw32/bin/../lib/gcc/nios2-elf/4.1.2/../../../../nios2-elf/lib/mno-hw-mul\libc.a(lib_a-fputs.o)
 .debug_aranges
                0x00000718       0x20 c:/altera/11.1sp2/nios2eds/bin/gnu/h-i686-mingw32/bin/../lib/gcc/nios2-elf/4.1.2/../../../../nios2-elf/lib/mno-hw-mul\libc.a(lib_a-fvwrite.o)
 .debug_aranges
                0x00000738       0x20 c:/altera/11.1sp2/nios2eds/bin/gnu/h-i686-mingw32/bin/../lib/gcc/nios2-elf/4.1.2/../../../../nios2-elf/lib/mno-hw-mul\libc.a(lib_a-mallocr.o)
 .debug_aranges
                0x00000758       0x20 c:/altera/11.1sp2/nios2eds/bin/gnu/h-i686-mingw32/bin/../lib/gcc/nios2-elf/4.1.2/../../../../nios2-elf/lib/mno-hw-mul\libc.a(lib_a-memchr.o)
 .debug_aranges
                0x00000778       0x20 c:/altera/11.1sp2/nios2eds/bin/gnu/h-i686-mingw32/bin/../lib/gcc/nios2-elf/4.1.2/../../../../nios2-elf/lib/mno-hw-mul\libc.a(lib_a-memcmp.o)
 .debug_aranges
                0x00000798       0x20 c:/altera/11.1sp2/nios2eds/bin/gnu/h-i686-mingw32/bin/../lib/gcc/nios2-elf/4.1.2/../../../../nios2-elf/lib/mno-hw-mul\libc.a(lib_a-memcpy.o)
 .debug_aranges
                0x000007b8       0x20 c:/altera/11.1sp2/nios2eds/bin/gnu/h-i686-mingw32/bin/../lib/gcc/nios2-elf/4.1.2/../../../../nios2-elf/lib/mno-hw-mul\libc.a(lib_a-memmove.o)
 .debug_aranges
                0x000007d8       0x20 c:/altera/11.1sp2/nios2eds/bin/gnu/h-i686-mingw32/bin/../lib/gcc/nios2-elf/4.1.2/../../../../nios2-elf/lib/mno-hw-mul\libc.a(lib_a-putc.o)
 .debug_aranges
                0x000007f8       0x20 c:/altera/11.1sp2/nios2eds/bin/gnu/h-i686-mingw32/bin/../lib/gcc/nios2-elf/4.1.2/../../../../nios2-elf/lib/mno-hw-mul\libc.a(lib_a-reallocr.o)
 .debug_aranges